Component: ARM Compiler 5.06 update 5 (build 528) Tool: armlink [4d35e2]

==============================================================================

Section Cross References

    startup_stm32f40_41xxx.o(STACK) refers (Special) to heapauxi.o(.text) for __use_two_region_memory
    startup_stm32f40_41xxx.o(HEAP) refers (Special) to heapauxi.o(.text) for __use_two_region_memory
    startup_stm32f40_41xxx.o(RESET) refers (Special) to heapauxi.o(.text) for __use_two_region_memory
    startup_stm32f40_41xxx.o(RESET) refers to startup_stm32f40_41xxx.o(STACK) for __initial_sp
    startup_stm32f40_41xxx.o(RESET) refers to startup_stm32f40_41xxx.o(.text) for Reset_Handler
    startup_stm32f40_41xxx.o(RESET) refers to stm32f4xx_it.o(.text) for NMI_Handler
    startup_stm32f40_41xxx.o(RESET) refers to port.o(.emb_text) for SVC_Handler
    startup_stm32f40_41xxx.o(RESET) refers to port.o(.text) for SysTick_Handler
    startup_stm32f40_41xxx.o(RESET) refers to yl_62.o(.text) for EXTI0_IRQHandler
    startup_stm32f40_41xxx.o(RESET) refers to key.o(.text) for EXTI3_IRQHandler
    startup_stm32f40_41xxx.o(RESET) refers to usart.o(.text) for USART2_IRQHandler
    startup_stm32f40_41xxx.o(.text) refers (Special) to heapauxi.o(.text) for __use_two_region_memory
    startup_stm32f40_41xxx.o(.text) refers to system_stm32f4xx.o(.text) for SystemInit
    startup_stm32f40_41xxx.o(.text) refers to __main.o(!!!main) for __main
    startup_stm32f40_41xxx.o(.text) refers to startup_stm32f40_41xxx.o(HEAP) for Heap_Mem
    startup_stm32f40_41xxx.o(.text) refers to startup_stm32f40_41xxx.o(STACK) for Stack_Mem
    main.o(.text) refers to oled.o(.text) for OLED_ShowString
    main.o(.text) refers to tasks.o(.text) for vTaskDelay
    main.o(.text) refers to usart.o(.text) for UART4_Init
    main.o(.text) refers to delay.o(.text) for delay_init
    main.o(.text) refers to led.o(.text) for LED_Init
    main.o(.text) refers to pwm.o(.text) for TIM1_PWMA_CH1_Init
    main.o(.text) refers to key.o(.text) for KEY_Init
    main.o(.text) refers to motor.o(.text) for MOTOR_Init
    main.o(.text) refers to yl_62.o(.text) for YL62_OUT_Init
    main.o(.text) refers to usart.o(.data) for uart2_received
    main.o(.text) refers to line_control.o(.data) for error_update
    main.o(.text) refers to key.o(.data) for key_count3
    main.o(.text) refers to line_control.o(.text) for task_go_trace
    system_stm32f4xx.o(.text) refers to system_stm32f4xx.o(.data) for SystemCoreClock
    stm32f4xx_adc.o(.text) refers to stm32f4xx_rcc.o(.text) for RCC_APB2PeriphResetCmd
    stm32f4xx_can.o(.text) refers to stm32f4xx_rcc.o(.text) for RCC_APB1PeriphResetCmd
    stm32f4xx_cryp.o(.text) refers to stm32f4xx_rcc.o(.text) for RCC_AHB2PeriphResetCmd
    stm32f4xx_cryp_aes.o(.text) refers to stm32f4xx_cryp.o(.text) for CRYP_KeyStructInit
    stm32f4xx_cryp_des.o(.text) refers to stm32f4xx_cryp.o(.text) for CRYP_KeyStructInit
    stm32f4xx_cryp_tdes.o(.text) refers to stm32f4xx_cryp.o(.text) for CRYP_KeyStructInit
    stm32f4xx_dac.o(.text) refers to stm32f4xx_rcc.o(.text) for RCC_APB1PeriphResetCmd
    stm32f4xx_dma2d.o(.text) refers to stm32f4xx_rcc.o(.text) for RCC_AHB1PeriphResetCmd
    stm32f4xx_fsmc.o(.text) refers to stm32f4xx_fsmc.o(.constdata) for FSMC_DefaultTimingStruct
    stm32f4xx_gpio.o(.text) refers to stm32f4xx_rcc.o(.text) for RCC_AHB1PeriphResetCmd
    stm32f4xx_hash.o(.text) refers to stm32f4xx_rcc.o(.text) for RCC_AHB2PeriphResetCmd
    stm32f4xx_hash_md5.o(.text) refers to stm32f4xx_hash.o(.text) for HASH_DeInit
    stm32f4xx_hash_sha1.o(.text) refers to stm32f4xx_hash.o(.text) for HASH_DeInit
    stm32f4xx_i2c.o(.text) refers to stm32f4xx_rcc.o(.text) for RCC_APB1PeriphResetCmd
    stm32f4xx_ltdc.o(.text) refers to stm32f4xx_rcc.o(.text) for RCC_APB2PeriphResetCmd
    stm32f4xx_pwr.o(.text) refers to stm32f4xx_rcc.o(.text) for RCC_APB1PeriphResetCmd
    stm32f4xx_rcc.o(.text) refers to stm32f4xx_rcc.o(.data) for APBAHBPrescTable
    stm32f4xx_rng.o(.text) refers to stm32f4xx_rcc.o(.text) for RCC_AHB2PeriphResetCmd
    stm32f4xx_sai.o(.text) refers to stm32f4xx_rcc.o(.text) for RCC_APB2PeriphResetCmd
    stm32f4xx_sdio.o(.text) refers to stm32f4xx_rcc.o(.text) for RCC_APB2PeriphResetCmd
    stm32f4xx_spi.o(.text) refers to stm32f4xx_rcc.o(.text) for RCC_APB2PeriphResetCmd
    stm32f4xx_syscfg.o(.text) refers to stm32f4xx_rcc.o(.text) for RCC_APB2PeriphResetCmd
    stm32f4xx_tim.o(.text) refers to stm32f4xx_rcc.o(.text) for RCC_APB2PeriphResetCmd
    stm32f4xx_usart.o(.text) refers to stm32f4xx_rcc.o(.text) for RCC_APB2PeriphResetCmd
    stm32f4xx_wwdg.o(.text) refers to stm32f4xx_rcc.o(.text) for RCC_APB1PeriphResetCmd
    delay.o(.text) refers to misc.o(.text) for SysTick_CLKSourceConfig
    delay.o(.text) refers to delay.o(.data) for fac_us
    usart.o(.text) refers to strcmpv7m.o(.text) for strcmp
    usart.o(.text) refers to usart.o(.data) for uart2_received
    usart.o(.text) refers to usart.o(.bss) for recv_buf
[...]
    prvHeapInit                              0x08007741   Thumb Code    88  heap_4.o(.text)
    prvInsertBlockIntoFreeList               0x08007973   Thumb Code   144  heap_4.o(.text)
    .text                                    0x08007bac   Section        0  atoi.o(.text)
    .text                                    0x08007bc6   Section      138  rt_memcpy_v6.o(.text)
    .text                                    0x08007c50   Section       16  aeabi_memset.o(.text)
    .text                                    0x08007c60   Section       68  rt_memclr.o(.text)
    .text                                    0x08007ca4   Section       78  rt_memclr_w.o(.text)
    .text                                    0x08007cf4   Section      128  strcmpv7m.o(.text)
    .text                                    0x08007d74   Section        0  heapauxi.o(.text)
    .text                                    0x08007d7c   Section        8  rt_errno_addr_intlibspace.o(.text)
    .text                                    0x08007d84   Section        0  strtol.o(.text)
    .text                                    0x08007df4   Section      100  rt_memcpy_w.o(.text)
    .text                                    0x08007e58   Section        8  libspace.o(.text)
    .text                                    0x08007e60   Section       16  rt_ctype_table.o(.text)
    .text                                    0x08007e70   Section        0  _strtoul.o(.text)
    .text                                    0x08007f0e   Section       74  sys_stackheap_outer.o(.text)
    .text                                    0x08007f58   Section        8  rt_locale_intlibspace.o(.text)
    .text                                    0x08007f60   Section        0  _chval.o(.text)
    .text                                    0x08007f7c   Section        0  exit.o(.text)
    .text                                    0x08007f90   Section        0  sys_exit.o(.text)
    .text                                    0x08007f9c   Section        2  use_no_semi.o(.text)
    .text                                    0x08007f9e   Section        0  indicate_semi.o(.text)
    i.__hardfp_fabs                          0x08007f9e   Section        0  fabs.o(i.__hardfp_fabs)
    locale$$code                             0x08007fb4   Section       44  lc_ctype_c.o(locale$$code)
    x$fpl$dcmpinf                            0x08007fe0   Section       24  dcmpi.o(x$fpl$dcmpinf)
    $v0                                      0x08007fe0   Number         0  dcmpi.o(x$fpl$dcmpinf)
    x$fpl$dleqf                              0x08007ff8   Section      120  dleqf.o(x$fpl$dleqf)
    $v0                                      0x08007ff8   Number         0  dleqf.o(x$fpl$dleqf)
    x$fpl$dnaninf                            0x08008070   Section      156  dnaninf.o(x$fpl$dnaninf)
    $v0                                      0x08008070   Number         0  dnaninf.o(x$fpl$dnaninf)
    x$fpl$dretinf                            0x0800810c   Section       12  dretinf.o(x$fpl$dretinf)
    $v0                                      0x0800810c   Number         0  dretinf.o(x$fpl$dretinf)
    x$fpl$f2d                                0x08008118   Section       86  f2d.o(x$fpl$f2d)
    $v0                                      0x08008118   Number         0  f2d.o(x$fpl$f2d)
    x$fpl$fnaninf                            0x0800816e   Section      140  fnaninf.o(x$fpl$fnaninf)
    $v0                                      0x0800816e   Number         0  fnaninf.o(x$fpl$fnaninf)
    x$fpl$fpinit                             0x080081fa   Section       10  fpinit.o(x$fpl$fpinit)
    $v0                                      0x080081fa   Number         0  fpinit.o(x$fpl$fpinit)
    .constdata                               0x08008204   Section     1520  oled.o(.constdata)
    x$fpl$usenofp                            0x08008204   Section        0  usenofp.o(x$fpl$usenofp)
    locale$$data                             0x08008814   Section      272  lc_ctype_c.o(locale$$data)
    __lcctype_c_name                         0x08008818   Data           2  lc_ctype_c.o(locale$$data)
    __lcctype_c_start                        0x08008820   Data           0  lc_ctype_c.o(locale$$data)
    __lcctype_c_end                          0x08008924   Data           0  lc_ctype_c.o(locale$$data)
    .data                                    0x20000000   Section       20  system_stm32f4xx.o(.data)
    .data                                    0x20000014   Section       16  stm32f4xx_rcc.o(.data)
    APBAHBPrescTable                         0x20000014   Data          16  stm32f4xx_rcc.o(.data)
    .data                                    0x20000024   Section        4  delay.o(.data)
    fac_us                                   0x20000024   Data           1  delay.o(.data)
    fac_ms                                   0x20000026   Data           2  delay.o(.data)
    .data                                    0x20000028   Section        6  usart.o(.data)
    buf_idx                                  0x2000002d   Data           1  usart.o(.data)
    .data                                    0x20000030   Section       16  key.o(.data)
    .data                                    0x20000040   Section       52  line_control.o(.data)
    count                                    0x20000070   Data           4  line_control.o(.data)
    .data                                    0x20000074   Section        2  yl_62.o(.data)
    .data                                    0x20000078   Section       64  tasks.o(.data)
    pxDelayedTaskList                        0x2000007c   Data           4  tasks.o(.data)
    pxOverflowDelayedTaskList                0x20000080   Data           4  tasks.o(.data)
    uxDeletedTasksWaitingCleanUp             0x20000084   Data           4  tasks.o(.data)
    uxCurrentNumberOfTasks                   0x20000088   Data           4  tasks.o(.data)
    xTickCount                               0x2000008c   Data           4  tasks.o(.data)
    uxTopReadyPriority                       0x20000090   Data           4  tasks.o(.data)
    xSchedulerRunning                        0x20000094   Data           4  tasks.o(.data)
    xPendedTicks                             0x20000098   Data           4  tasks.o(.data)
    xYieldPendings                           0x2000009c   Data           4  tasks.o(.data)
    xNumOfOverflows                          0x200000a0   Data           4  tasks.o(.data)
    uxTaskNumber                             0x200000a4   Data           4  tasks.o(.data)
    xNextTaskUnblockTime                     0x200000a8   Data           4  tasks.o(.data)
    xIdleTaskHandles                         0x200000ac   Data           4  tasks.o(.data)
    uxTopUsedPriority                        0x200000b0   Data           4  tasks.o(.data)
    uxSchedulerSuspended                     0x200000b4   Data           4  tasks.o(.data)
    .data                                    0x200000b8   Section       20  timers.o(.data)
    pxCurrentTimerList                       0x200000b8   Data           4  timers.o(.data)
    pxOverflowTimerList                      0x200000bc   Data           4  timers.o(.data)
    xTimerQueue                              0x200000c0   Data           4  timers.o(.data)
    xTimerTaskHandle                         0x200000c4   Data           4  timers.o(.data)
    xLastTime                                0x200000c8   Data           4  timers.o(.data)
    .data                                    0x200000cc   Section       12  port.o(.data)
    uxCriticalNesting                        0x200000cc   Data           4  port.o(.data)
    ucMaxSysCallPriority                     0x200000d0   Data           1  port.o(.data)
    ulMaxPRIGROUPValue                       0x200000d4   Data           4  port.o(.data)
    .data                                    0x200000d8   Section       28  heap_4.o(.data)
    xStart                                   0x200000d8   Data           8  heap_4.o(.data)
    pxEnd                                    0x200000e0   Data           4  heap_4.o(.data)
    xFreeBytesRemaining                      0x200000e4   Data           4  heap_4.o(.data)
    xMinimumEverFreeBytesRemaining           0x200000e8   Data           4  heap_4.o(.data)
    xNumberOfSuccessfulAllocations           0x200000ec   Data           4  heap_4.o(.data)
    xNumberOfSuccessfulFrees                 0x200000f0   Data           4  heap_4.o(.data)
    .bss                                     0x200000f4   Section       16  usart.o(.bss)
    recv_buf                                 0x200000f4   Data          16  usart.o(.bss)
    .bss                                     0x20000104   Section       64  queue.o(.bss)
    .bss                                     0x20000144   Section      200  tasks.o(.bss)
    pxReadyTasksLists                        0x20000144   Data         100  tasks.o(.bss)
    xDelayedTaskList1                        0x200001a8   Data          20  tasks.o(.bss)
    xDelayedTaskList2                        0x200001bc   Data          20  tasks.o(.bss)
    xPendingReadyList                        0x200001d0   Data          20  tasks.o(.bss)
    xTasksWaitingTermination                 0x200001e4   Data          20  tasks.o(.bss)
    xSuspendedTaskList                       0x200001f8   Data          20  tasks.o(.bss)
    .bss                                     0x2000020c   Section       40  timers.o(.bss)
    xActiveTimerList1                        0x2000020c   Data          20  timers.o(.bss)
    xActiveTimerList2                        0x20000220   Data          20  timers.o(.bss)
    .bss                                     0x20000234   Section    76800  heap_4.o(.bss)
    ucHeap                                   0x20000234   Data       76800  heap_4.o(.bss)
    .bss                                     0x20012e34   Section       96  libspace.o(.bss)
    HEAP                                     0x20012e98   Section      512  startup_stm32f40_41xxx.o(HEAP)
    Heap_Mem                                 0x20012e98   Data         512  startup_stm32f40_41xxx.o(HEAP)
    STACK                                    0x20013098   Section     1024  startup_stm32f40_41xxx.o(STACK)
    Stack_Mem                                0x20013098   Data        1024  startup_stm32f40_41xxx.o(STACK)
    __initial_sp                             0x20013498   Data           0  startup_stm32f40_41xxx.o(STACK)

    Global Symbols

    Symbol Name                              Value     Ov Type        Size  Object(Section)

    BuildAttributes$$THM_ISAv4$E$P$D$K$B$S$7EM$VFPi3$EXTD16$VFPS$VFMA$PE$A:L22UL41UL21$X:L11$S22US41US21$IEEE1$IW$USESV6$~STKCKD$USESV7$~SHL$OTIME$ROPI$IEEEJ$EBA8$UX$STANDARDLIB$REQ8$PRES8$EABIv2 0x00000000   Number         0  anon$$obj.o ABSOLUTE
    __ARM_use_no_argv                        0x00000000   Number         0  main.o ABSOLUTE
    __ARM_exceptions_init                     - Undefined Weak Reference
    __alloca_initialize                       - Undefined Weak Reference
    __arm_preinit_                            - Undefined Weak Reference
    __cpp_initialize__aeabi_                  - Undefined Weak Reference
    __cxa_finalize                            - Undefined Weak Reference
    __sigvec_lookup                           - Undefined Weak Reference
    _atexit_init                              - Undefined Weak Reference
    _call_atexit_fns                          - Undefined Weak Reference
    _clock_init                               - Undefined Weak Reference
    _fp_trap_init                             - Undefined Weak Reference
    _fp_trap_shutdown                         - Undefined Weak Reference
    _get_lc_collate                           - Undefined Weak Reference
    _get_lc_monetary                          - Undefined Weak Reference
    _get_lc_numeric                           - Undefined Weak Reference
    _get_lc_time                              - Undefined Weak Reference
    _getenv_init                              - Undefined Weak Reference
    _handle_redirection                       - Undefined Weak Reference
    _init_alloc                               - Undefined Weak Reference
    _init_user_alloc                          - Undefined Weak Reference
    _initio                                   - Undefined Weak Reference
    _rand_init                                - Undefined Weak Reference
    _signal_finish                            - Undefined Weak Reference
    _signal_init                              - Undefined Weak Reference
    _terminate_alloc                          - Undefined Weak Reference
    _terminate_user_alloc                     - Undefined Weak Reference
    _terminateio                              - Undefined Weak Reference
    __Vectors_Size                           0x00000188   Number         0  startup_stm32f40_41xxx.o ABSOLUTE
    __Vectors                                0x08000000   Data           4  startup_stm32f40_41xxx.o(RESET)
    __Vectors_End                            0x08000188   Data           0  startup_stm32f40_41xxx.o(RESET)
    __main                                   0x08000189   Thumb Code     8  __main.o(!!!main)
    __scatterload                            0x08000191   Thumb Code     0  __scatter.o(!!!scatter)
    __scatterload_rt2                        0x08000191   Thumb Code    44  __scatter.o(!!!scatter)
    __scatterload_rt2_thumb_only             0x08000191   Thumb Code     0  __scatter.o(!!!scatter)
    __scatterload_null                       0x0800019f   Thumb Code     0  __scatter.o(!!!scatter)
    __scatterload_copy                       0x080001c5   Thumb Code    26  __scatter_copy.o(!!handler_copy)
    __scatterload_zeroinit                   0x080001e1   Thumb Code    28  __scatter_zi.o(!!handler_zi)
    __rt_lib_init                            0x080001fd   Thumb Code     0  libinit.o(.ARM.Collect$$libinit$$00000000)
    __rt_lib_init_fp_1                       0x080001ff   Thumb Code     0  libinit2.o(.ARM.Collect$$libinit$$00000001)
    __rt_lib_init_heap_1                     0x08000203   Thumb Code     0  libinit2.o(.ARM.Collect$$libinit$$0000000A)
    __rt_lib_init_lc_common                  0x08000203   Thumb Code     0  libinit2.o(.ARM.Collect$$libinit$$0000000F)
    __rt_lib_init_preinit_1                  0x08000203   Thumb Code     0  libinit2.o(.ARM.Collect$$libinit$$00000004)
    __rt_lib_init_rand_1                     0x08000203   Thumb Code     0  libinit2.o(.ARM.Collect$$libinit$$0000000E)
    __rt_lib_init_user_alloc_1               0x08000203   Thumb Code     0  libinit2.o(.ARM.Collect$$libinit$$0000000C)
    __rt_lib_init_lc_collate_1               0x08000209   Thumb Code     0  libinit2.o(.ARM.Collect$$libinit$$00000011)
    __rt_lib_init_lc_ctype_2                 0x08000209   Thumb Code     0  libinit2.o(.ARM.Collect$$libinit$$00000012)
    __rt_lib_init_alloca_1                   0x08000215   Thumb Code     0  libinit2.o(.ARM.Collect$$libinit$$0000002E)
    __rt_lib_init_argv_1                     0x08000215   Thumb Code     0  libinit2.o(.ARM.Collect$$libinit$$0000002C)
    __rt_lib_init_atexit_1                   0x08000215   Thumb Code     0  libinit2.o(.ARM.Collect$$libinit$$0000001B)
    __rt_lib_init_clock_1                    0x08000215   Thumb Code     0  libinit2.o(.ARM.Collect$$libinit$$00000021)
    __rt_lib_init_cpp_1                      0x08000215   Thumb Code     0  libinit2.o(.ARM.Collect$$libinit$$00000032)
    __rt_lib_init_exceptions_1               0x08000215   Thumb Code     0  libinit2.o(.ARM.Collect$$libinit$$00000030)
    __rt_lib_init_fp_trap_1                  0x08000215   Thumb Code     0  libinit2.o(.ARM.Collect$$libinit$$0000001F)
    __rt_lib_init_getenv_1                   0x08000215   Thumb Code     0  libinit2.o(.ARM.Collect$$libinit$$00000023)
    __rt_lib_init_lc_ctype_1                 0x08000215   Thumb Code     0  libinit2.o(.ARM.Collect$$libinit$$00000013)
    __rt_lib_init_lc_monetary_1              0x08000215   Thumb Code     0  libinit2.o(.ARM.Collect$$libinit$$00000015)
    __rt_lib_init_lc_numeric_1               0x08000215   Thumb Code     0  libinit2.o(.ARM.Collect$$libinit$$00000017)
    __rt_lib_init_lc_time_1                  0x08000215   Thumb Code     0  libinit2.o(.ARM.Collect$$libinit$$00000019)
    __rt_lib_init_return                     0x08000215   Thumb Code     0  libinit2.o(.ARM.Collect$$libinit$$00000033)
    __rt_lib_init_signal_1                   0x08000215   Thumb Code     0  libinit2.o(.ARM.Collect$$libinit$$0000001D)
    __rt_lib_init_stdio_1                    0x08000215   Thumb Code     0  libinit2.o(.ARM.Collect$$libinit$$00000025)
    __rt_lib_shutdown                        0x08000217   Thumb Code     0  libshutdown.o(.ARM.Collect$$libshutdown$$00000000)
    __rt_lib_shutdown_cpp_1                  0x08000219   Thumb Code     0  libshutdown2.o(.ARM.Collect$$libshutdown$$00000002)
    __rt_lib_shutdown_fp_trap_1              0x08000219   Thumb Code     0  libshutdown2.o(.ARM.Collect$$libshutdown$$00000007)
    __rt_lib_shutdown_heap_1                 0x08000219   Thumb Code     0  libshutdown2.o(.ARM.Collect$$libshutdown$$0000000F)
    __rt_lib_shutdown_return                 0x08000219   Thumb Code     0  libshutdown2.o(.ARM.Collect$$libshutdown$$00000010)
    __rt_lib_shutdown_signal_1               0x08000219   Thumb Code     0  libshutdown2.o(.ARM.Collect$$libshutdown$$0000000A)
    __rt_lib_shutdown_stdio_1                0x08000219   Thumb Code     0  libshutdown2.o(.ARM.Collect$$libshutdown$$00000004)
    __rt_lib_shutdown_user_alloc_1           0x08000219   Thumb Code     0  libshutdown2.o(.ARM.Collect$$libshutdown$$0000000C)
    __rt_entry                               0x0800021b   Thumb Code     0  __rtentry.o(.ARM.Collect$$rtentry$$00000000)
    __rt_entry_presh_1                       0x0800021b   Thumb Code     0  __rtentry2.o(.ARM.Collect$$rtentry$$00000002)
    __rt_entry_sh                            0x0800021b   Thumb Code     0  __rtentry4.o(.ARM.Collect$$rtentry$$00000004)
    __rt_entry_li                            0x08000221   Thumb Code     0  __rtentry2.o(.ARM.Collect$$rtentry$$0000000A)
    __rt_entry_postsh_1                      0x08000221   Thumb Code     0  __rtentry2.o(.ARM.Collect$$rtentry$$00000009)
    __rt_entry_main                          0x08000225   Thumb Code     0  __rtentry2.o(.ARM.Collect$$rtentry$$0000000D)
    __rt_entry_postli_1                      0x08000225   Thumb Code     0  __rtentry2.o(.ARM.Collect$$rtentry$$0000000C)
    __rt_exit                                0x0800022d   Thumb Code     0  rtexit.o(.ARM.Collect$$rtexit$$00000000)
    __rt_exit_ls                             0x0800022f   Thumb Code     0  rtexit2.o(.ARM.Collect$$rtexit$$00000003)
    __rt_exit_prels_1                        0x0800022f   Thumb Code     0  rtexit2.o(.ARM.Collect$$rtexit$$00000002)
    __rt_exit_exit                           0x08000233   Thumb Code     0  rtexit2.o(.ARM.Collect$$rtexit$$00000004)
    SVC_Handler                              0x08000239   Thumb Code    28  port.o(.emb_text)
    __asm___6_port_c_39a90d8d__prvStartFirstTask 0x08000259   Thumb Code    36  port.o(.emb_text)
    __asm___6_port_c_39a90d8d__prvEnableVFP  0x08000281   Thumb Code    16  port.o(.emb_text)
    PendSV_Handler                           0x08000295   Thumb Code    88  port.o(.emb_text)
    vPortGetIPSR                             0x080002f1   Thumb Code     6  port.o(.emb_text)
    Reset_Handler                            0x080002f9   Thumb Code     8  startup_stm32f40_41xxx.o(.text)
    ADC_IRQHandler                           0x08000313   Thumb Code     0  startup_stm32f40_41xxx.o(.text)
    CAN1_RX0_IRQHandler                      0x08000313   Thumb Code     0  startup_stm32f40_41xxx.o(.text)
    CAN1_RX1_IRQHandler                      0x08000313   Thumb Code     0  startup_stm32f40_41xxx.o(.text)
    CAN1_SCE_IRQHandler                      0x08000313   Thumb Code     0  startup_stm32f40_41xxx.o(.text)
    CAN1_TX_IRQHandler                       0x08000313   Thumb Code     0  startup_stm32f40_41xxx.o(.text)
    CAN2_RX0_IRQHandler                      0x08000313   Thumb Code     0  startup_stm32f40_41xxx.o(.text)
    CAN2_RX1_IRQHandler                      0x08000313   Thumb Code     0  startup_stm32f40_41xxx.o(.text)
    CAN2_SCE_IRQHandler                      0x08000313   Thumb Code     0  startup_stm32f40_41xxx.o(.text)
    CAN2_TX_IRQHandler                       0x08000313   Thumb Code     0  startup_stm32f40_41xxx.o(.text)
    CRYP_IRQHandler                          0x08000313   Thumb Code     0  startup_stm32f40_41xxx.o(.text)
    DCMI_IRQHandler                          0x08000313   Thumb Code     0  startup_stm32f40_41xxx.o(.text)
    DMA1_Stream0_IRQHandler                  0x08000313   Thumb Code     0  startup_stm32f40_41xxx.o(.text)
    DMA1_Stream1_IRQHandler                  0x08000313   Thumb Code     0  startup_stm32f40_41xxx.o(.text)
    DMA1_Stream2_IRQHandler                  0x08000313   Thumb Code     0  startup_stm32f40_41xxx.o(.text)
    DMA1_Stream3_IRQHandler                  0x08000313   Thumb Code     0  startup_stm32f40_41xxx.o(.text)
    DMA1_Stream4_IRQHandler                  0x08000313   Thumb Code     0  startup_stm32f40_41xxx.o(.text)
    DMA1_Stream5_IRQHandler                  0x08000313   Thumb Code     0  startup_stm32f40_41xxx.o(.text)
    DMA1_Stream6_IRQHandler                  0x08000313   Thumb Code     0  startup_stm32f40_41xxx.o(.text)
    DMA1_Stream7_IRQHandler                  0x08000313   Thumb Code     0  startup_stm32f40_41xxx.o(.text)
    DMA2_Stream0_IRQHandler                  0x08000313   Thumb Code     0  startup_stm32f40_41xxx.o(.text)
    DMA2_Stream1_IRQHandler                  0x08000313   Thumb Code     0  startup_stm32f40_41xxx.o(.text)
    DMA2_Stream2_IRQHandler                  0x08000313   Thumb Code     0  startup_stm32f40_41xxx.o(.text)
    DMA2_Stream3_IRQHandler                  0x08000313   Thumb Code     0  startup_stm32f40_41xxx.o(.text)
    DMA2_Stream4_IRQHandler                  0x08000313   Thumb Code     0  startup_stm32f40_41xxx.o(.text)
    DMA2_Stream5_IRQHandler                  0x08000313   Thumb Code     0  startup_stm32f40_41xxx.o(.text)
    DMA2_Stream6_IRQHandler                  0x08000313   Thumb Code     0  startup_stm32f40_41xxx.o(.text)
    DMA2_Stream7_IRQHandler                  0x08000313   Thumb Code     0  startup_stm32f40_41xxx.o(.text)
    ETH_IRQHandler                           0x08000313   Thumb Code     0  startup_stm32f40_41xxx.o(.text)
    ETH_WKUP_IRQHandler                      0x08000313   Thumb Code     0  startup_stm32f40_41xxx.o(.text)
    EXTI15_10_IRQHandler                     0x08000313   Thumb Code     0  startup_stm32f40_41xxx.o(.text)
    EXTI1_IRQHandler                         0x08000313   Thumb Code     0  startup_stm32f40_41xxx.o(.text)
    EXTI2_IRQHandler                         0x08000313   Thumb Code     0  startup_stm32f40_41xxx.o(.text)
    FLASH_IRQHandler                         0x08000313   Thumb Code     0  startup_stm32f40_41xxx.o(.text)
    FPU_IRQHandler                           0x08000313   Thumb Code     0  startup_stm32f40_41xxx.o(.text)
    FSMC_IRQHandler                          0x08000313   Thumb Code     0  startup_stm32f40_41xxx.o(.text)
    HASH_RNG_IRQHandler                      0x08000313   Thumb Code     0  startup_stm32f40_41xxx.o(.text)
    I2C1_ER_IRQHandler                       0x08000313   Thumb Code     0  startup_stm32f40_41xxx.o(.text)
    I2C1_EV_IRQHandler                       0x08000313   Thumb Code     0  startup_stm32f40_41xxx.o(.text)
    I2C2_ER_IRQHandler                       0x08000313   Thumb Code     0  startup_stm32f40_41xxx.o(.text)
    I2C2_EV_IRQHandler                       0x08000313   Thumb Code     0  startup_stm32f40_41xxx.o(.text)
    I2C3_ER_IRQHandler                       0x08000313   Thumb Code     0  startup_stm32f40_41xxx.o(.text)
    I2C3_EV_IRQHandler                       0x08000313   Thumb Code     0  startup_stm32f40_41xxx.o(.text)
    OTG_FS_IRQHandler                        0x08000313   Thumb Code     0  startup_stm32f40_41xxx.o(.text)
    OTG_FS_WKUP_IRQHandler                   0x08000313   Thumb Code     0  startup_stm32f40_41xxx.o(.text)
    OTG_HS_EP1_IN_IRQHandler                 0x08000313   Thumb Code     0  startup_stm32f40_41xxx.o(.text)
    OTG_HS_EP1_OUT_IRQHandler                0x08000313   Thumb Code     0  startup_stm32f40_41xxx.o(.text)
    OTG_HS_IRQHandler                        0x08000313   Thumb Code     0  startup_stm32f40_41xxx.o(.text)
    OTG_HS_WKUP_IRQHandler                   0x08000313   Thumb Code     0  startup_stm32f40_41xxx.o(.text)
    PVD_IRQHandler                           0x08000313   Thumb Code     0  startup_stm32f40_41xxx.o(.text)
    RCC_IRQHandler                           0x08000313   Thumb Code     0  startup_stm32f40_41xxx.o(.text)
    RTC_Alarm_IRQHandler                     0x08000313   Thumb Code     0  startup_stm32f40_41xxx.o(.text)
    RTC_WKUP_IRQHandler                      0x08000313   Thumb Code     0  startup_stm32f40_41xxx.o(.text)
    SDIO_IRQHandler                          0x08000313   Thumb Code     0  startup_stm32f40_41xxx.o(.text)
    SPI1_IRQHandler                          0x08000313   Thumb Code     0  startup_stm32f40_41xxx.o(.text)
    SPI2_IRQHandler                          0x08000313   Thumb Code     0  startup_stm32f40_41xxx.o(.text)
    SPI3_IRQHandler                          0x08000313   Thumb Code     0  startup_stm32f40_41xxx.o(.text)
    TAMP_STAMP_IRQHandler                    0x08000313   Thumb Code     0  startup_stm32f40_41xxx.o(.text)
    TIM1_BRK_TIM9_IRQHandler                 0x08000313   Thumb Code     0  startup_stm32f40_41xxx.o(.text)
    TIM1_CC_IRQHandler                       0x08000313   Thumb Code     0  startup_stm32f40_41xxx.o(.text)
    TIM1_TRG_COM_TIM11_IRQHandler            0x08000313   Thumb Code     0  startup_stm32f40_41xxx.o(.text)
    TIM1_UP_TIM10_IRQHandler                 0x08000313   Thumb Code     0  startup_stm32f40_41xxx.o(.text)
    TIM2_IRQHandler                          0x08000313   Thumb Code     0  startup_stm32f40_41xxx.o(.text)
    TIM3_IRQHandler                          0x08000313   Thumb Code     0  startup_stm32f40_41xxx.o(.text)
    TIM4_IRQHandler                          0x08000313   Thumb Code     0  startup_stm32f40_41xxx.o(.text)
    TIM5_IRQHandler                          0x08000313   Thumb Code     0  startup_stm32f40_41xxx.o(.text)
    TIM6_DAC_IRQHandler                      0x08000313   Thumb Code     0  startup_stm32f40_41xxx.o(.text)
    TIM7_IRQHandler                          0x08000313   Thumb Code     0  startup_stm32f40_41xxx.o(.text)
    TIM8_BRK_TIM12_IRQHandler                0x08000313   Thumb Code     0  startup_stm32f40_41xxx.o(.text)
    TIM8_CC_IRQHandler                       0x08000313   Thumb Code     0  startup_stm32f40_41xxx.o(.text)
    TIM8_TRG_COM_TIM14_IRQHandler            0x08000313   Thumb Code     0  startup_stm32f40_41xxx.o(.text)
    TIM8_UP_TIM13_IRQHandler                 0x08000313   Thumb Code     0  startup_stm32f40_41xxx.o(.text)
    UART5_IRQHandler                         0x08000313   Thumb Code     0  startup_stm32f40_41xxx.o(.text)
    USART1_IRQHandler                        0x08000313   Thumb Code     0  startup_stm32f40_41xxx.o(.text)
    USART3_IRQHandler                        0x08000313   Thumb Code     0  startup_stm32f40_41xxx.o(.text)
    USART6_IRQHandler                        0x08000313   Thumb Code     0  startup_stm32f40_41xxx.o(.text)
    WWDG_IRQHandler                          0x08000313   Thumb Code     0  startup_stm32f40_41xxx.o(.text)
    __user_initial_stackheap                 0x08000315   Thumb Code     0  startup_stm32f40_41xxx.o(.text)
    OLED_Show                                0x08000339   Thumb Code   212  main.o(.text)
    main                                     0x0800040d   Thumb Code   150  main.o(.text)
    NMI_Handler                              0x08000531   Thumb Code     2  stm32f4xx_it.o(.text)
    HardFault_Handler                        0x08000533   Thumb Code     4  stm32f4xx_it.o(.text)
    MemManage_Handler                        0x08000537   Thumb Code     4  stm32f4xx_it.o(.text)
    BusFault_Handler                         0x0800053b   Thumb Code     4  stm32f4xx_it.o(.text)
    UsageFault_Handler                       0x0800053f   Thumb Code     4  stm32f4xx_it.o(.text)
    DebugMon_Handler                         0x08000543   Thumb Code     2  stm32f4xx_it.o(.text)
    SystemInit                               0x08000621   Thumb Code    88  system_stm32f4xx.o(.text)
    SystemCoreClockUpdate                    0x08000679   Thumb Code   174  system_stm32f4xx.o(.text)
    NVIC_PriorityGroupConfig                 0x08000755   Thumb Code    10  misc.o(.text)
    NVIC_Init                                0x0800075f   Thumb Code   106  misc.o(.text)
    NVIC_SetVectorTable                      0x080007c9   Thumb Code    14  misc.o(.text)
    NVIC_SystemLPConfig                      0x080007d7   Thumb Code    34  misc.o(.text)
    SysTick_CLKSourceConfig                  0x080007f9   Thumb Code    40  misc.o(.text)
    GPIO_DeInit                              0x08000835   Thumb Code   268  stm32f4xx_gpio.o(.text)
    GPIO_Init                                0x08000941   Thumb Code   144  stm32f4xx_gpio.o(.text)
    GPIO_StructInit                          0x080009d1   Thumb Code    18  stm32f4xx_gpio.o(.text)
    GPIO_PinLockConfig                       0x080009e3   Thumb Code    34  stm32f4xx_gpio.o(.text)
    GPIO_ReadInputDataBit                    0x08000a05   Thumb Code    18  stm32f4xx_gpio.o(.text)
    GPIO_ReadInputData                       0x08000a17   Thumb Code     8  stm32f4xx_gpio.o(.text)
    GPIO_ReadOutputDataBit                   0x08000a1f   Thumb Code    18  stm32f4xx_gpio.o(.text)
    GPIO_ReadOutputData                      0x08000a31   Thumb Code     8  stm32f4xx_gpio.o(.text)
    GPIO_SetBits                             0x08000a39   Thumb Code     4  stm32f4xx_gpio.o(.text)
    GPIO_ResetBits                           0x08000a3d   Thumb Code     4  stm32f4xx_gpio.o(.text)
    GPIO_WriteBit                            0x08000a41   Thumb Code    10  stm32f4xx_gpio.o(.text)
    GPIO_Write                               0x08000a4b   Thumb Code     4  stm32f4xx_gpio.o(.text)
    GPIO_ToggleBits                          0x08000a4f   Thumb Code     8  stm32f4xx_gpio.o(.text)
    GPIO_PinAFConfig                         0x08000a57   Thumb Code    70  stm32f4xx_gpio.o(.text)
    RCC_DeInit                               0x08000ac9   Thumb Code    82  stm32f4xx_rcc.o(.text)
    RCC_HSEConfig                            0x08000b1b   Thumb Code    14  stm32f4xx_rcc.o(.text)
    RCC_GetFlagStatus                        0x08000b29   Thumb Code    60  stm32f4xx_rcc.o(.text)
    RCC_WaitForHSEStartUp                    0x08000b65   Thumb Code    56  stm32f4xx_rcc.o(.text)
    RCC_AdjustHSICalibrationValue            0x08000b9d   Thumb Code    20  stm32f4xx_rcc.o(.text)
    RCC_HSICmd                               0x08000bb1   Thumb Code     6  stm32f4xx_rcc.o(.text)
    RCC_LSEConfig                            0x08000bb7   Thumb Code    46  stm32f4xx_rcc.o(.text)
    RCC_LSICmd                               0x08000be5   Thumb Code     6  stm32f4xx_rcc.o(.text)
    RCC_PLLConfig                            0x08000beb   Thumb Code    32  stm32f4xx_rcc.o(.text)
    RCC_PLLCmd                               0x08000c0b   Thumb Code     6  stm32f4xx_rcc.o(.text)
    RCC_PLLI2SConfig                         0x08000c11   Thumb Code    14  stm32f4xx_rcc.o(.text)
    RCC_PLLI2SCmd                            0x08000c1f   Thumb Code     6  stm32f4xx_rcc.o(.text)
    RCC_PLLSAIConfig                         0x08000c25   Thumb Code    20  stm32f4xx_rcc.o(.text)
    RCC_PLLSAICmd                            0x08000c39   Thumb Code     6  stm32f4xx_rcc.o(.text)
    RCC_ClockSecuritySystemCmd               0x08000c3f   Thumb Code     6  stm32f4xx_rcc.o(.text)
    RCC_MCO1Config                           0x08000c45   Thumb Code    28  stm32f4xx_rcc.o(.text)
    RCC_MCO2Config                           0x08000c61   Thumb Code    28  stm32f4xx_rcc.o(.text)
    RCC_SYSCLKConfig                         0x08000c7d   Thumb Code    20  stm32f4xx_rcc.o(.text)
    RCC_GetSYSCLKSource                      0x08000c91   Thumb Code    12  stm32f4xx_rcc.o(.text)
    RCC_HCLKConfig                           0x08000c9d   Thumb Code    20  stm32f4xx_rcc.o(.text)
    RCC_PCLK1Config                          0x08000cb1   Thumb Code    20  stm32f4xx_rcc.o(.text)
    RCC_PCLK2Config                          0x08000cc5   Thumb Code    22  stm32f4xx_rcc.o(.text)
    RCC_GetClocksFreq                        0x08000cdb   Thumb Code   222  stm32f4xx_rcc.o(.text)
    RCC_RTCCLKConfig                         0x08000db9   Thumb Code    54  stm32f4xx_rcc.o(.text)
    RCC_RTCCLKCmd                            0x08000def   Thumb Code     8  stm32f4xx_rcc.o(.text)
    RCC_BackupResetCmd                       0x08000df7   Thumb Code     8  stm32f4xx_rcc.o(.text)
    RCC_I2SCLKConfig                         0x08000dff   Thumb Code     6  stm32f4xx_rcc.o(.text)
    RCC_SAIPLLI2SClkDivConfig                0x08000e05   Thumb Code    26  stm32f4xx_rcc.o(.text)
    RCC_SAIPLLSAIClkDivConfig                0x08000e1f   Thumb Code    28  stm32f4xx_rcc.o(.text)
    RCC_SAIBlockACLKConfig                   0x08000e3b   Thumb Code    20  stm32f4xx_rcc.o(.text)
    RCC_SAIBlockBCLKConfig                   0x08000e4f   Thumb Code    20  stm32f4xx_rcc.o(.text)
    RCC_LTDCCLKDivConfig                     0x08000e63   Thumb Code    20  stm32f4xx_rcc.o(.text)
    RCC_TIMCLKPresConfig                     0x08000e77   Thumb Code     6  stm32f4xx_rcc.o(.text)
    RCC_AHB1PeriphClockCmd                   0x08000e7d   Thumb Code    34  stm32f4xx_rcc.o(.text)
    RCC_AHB2PeriphClockCmd                   0x08000e9f   Thumb Code    78  stm32f4xx_rcc.o(.text)
    RCC_AHB3PeriphClockCmd                   0x08000eed   Thumb Code    34  stm32f4xx_rcc.o(.text)
    RCC_APB1PeriphClockCmd                   0x08000f0f   Thumb Code    34  stm32f4xx_rcc.o(.text)
    RCC_APB2PeriphClockCmd                   0x08000f31   Thumb Code    34  stm32f4xx_rcc.o(.text)
    RCC_AHB1PeriphResetCmd                   0x08000f53   Thumb Code    34  stm32f4xx_rcc.o(.text)
    RCC_AHB2PeriphResetCmd                   0x08000f75   Thumb Code    34  stm32f4xx_rcc.o(.text)
    RCC_AHB3PeriphResetCmd                   0x08000f97   Thumb Code    34  stm32f4xx_rcc.o(.text)
    RCC_APB1PeriphResetCmd                   0x08000fb9   Thumb Code    34  stm32f4xx_rcc.o(.text)
    RCC_APB2PeriphResetCmd                   0x08000fdb   Thumb Code    34  stm32f4xx_rcc.o(.text)
    RCC_AHB1PeriphClockLPModeCmd             0x08000ffd   Thumb Code    34  stm32f4xx_rcc.o(.text)
    RCC_AHB2PeriphClockLPModeCmd             0x0800101f   Thumb Code    34  stm32f4xx_rcc.o(.text)
    RCC_AHB3PeriphClockLPModeCmd             0x08001041   Thumb Code    34  stm32f4xx_rcc.o(.text)
    RCC_APB1PeriphClockLPModeCmd             0x08001063   Thumb Code    34  stm32f4xx_rcc.o(.text)
    RCC_APB2PeriphClockLPModeCmd             0x08001085   Thumb Code    34  stm32f4xx_rcc.o(.text)
    RCC_LSEModeConfig                        0x080010a7   Thumb Code    40  stm32f4xx_rcc.o(.text)
    RCC_ITConfig                             0x080010cf   Thumb Code    34  stm32f4xx_rcc.o(.text)
    RCC_ClearFlag                            0x080010f1   Thumb Code    18  stm32f4xx_rcc.o(.text)
    RCC_GetITStatus                          0x08001103   Thumb Code    22  stm32f4xx_rcc.o(.text)
    RCC_ClearITPendingBit                    0x08001119   Thumb Code     8  stm32f4xx_rcc.o(.text)
    TIM_DeInit                               0x08001125   Thumb Code   346  stm32f4xx_tim.o(.text)
    TIM_TimeBaseInit                         0x0800127f   Thumb Code   104  stm32f4xx_tim.o(.text)
    TIM_TimeBaseStructInit                   0x080012e7   Thumb Code    18  stm32f4xx_tim.o(.text)
    TIM_PrescalerConfig                      0x080012f9   Thumb Code     6  stm32f4xx_tim.o(.text)
    TIM_CounterModeConfig                    0x080012ff   Thumb Code    18  stm32f4xx_tim.o(.text)
    TIM_SetCounter                           0x08001311   Thumb Code     4  stm32f4xx_tim.o(.text)
    TIM_SetAutoreload                        0x08001315   Thumb Code     4  stm32f4xx_tim.o(.text)
    TIM_GetCounter                           0x08001319   Thumb Code     6  stm32f4xx_tim.o(.text)
    TIM_GetPrescaler                         0x0800131f   Thumb Code     6  stm32f4xx_tim.o(.text)
    TIM_UpdateDisableConfig                  0x08001325   Thumb Code    24  stm32f4xx_tim.o(.text)
    TIM_UpdateRequestConfig                  0x0800133d   Thumb Code    24  stm32f4xx_tim.o(.text)
    TIM_ARRPreloadConfig                     0x08001355   Thumb Code    24  stm32f4xx_tim.o(.text)
    TIM_SelectOnePulseMode                   0x0800136d   Thumb Code    18  stm32f4xx_tim.o(.text)
    TIM_SetClockDivision                     0x0800137f   Thumb Code    18  stm32f4xx_tim.o(.text)
    TIM_Cmd                                  0x08001391   Thumb Code    24  stm32f4xx_tim.o(.text)
    TIM_OC1Init                              0x080013a9   Thumb Code   114  stm32f4xx_tim.o(.text)
    TIM_OC2Init                              0x0800141b   Thumb Code   154  stm32f4xx_tim.o(.text)
    TIM_OC3Init                              0x080014b5   Thumb Code   204  stm32f4xx_tim.o(.text)
    TIM_OC4Init                              0x08001581   Thumb Code   112  stm32f4xx_tim.o(.text)
    TIM_OCStructInit                         0x080015f1   Thumb Code    20  stm32f4xx_tim.o(.text)
    TIM_SelectOCxM                           0x08001605   Thumb Code    86  stm32f4xx_tim.o(.text)
    TIM_SetCompare1                          0x0800165b   Thumb Code     4  stm32f4xx_tim.o(.text)
    TIM_SetCompare2                          0x0800165f   Thumb Code     4  stm32f4xx_tim.o(.text)
    TIM_SetCompare3                          0x08001663   Thumb Code     4  stm32f4xx_tim.o(.text)
    TIM_SetCompare4                          0x08001667   Thumb Code     4  stm32f4xx_tim.o(.text)
    TIM_ForcedOC1Config                      0x0800166b   Thumb Code    18  stm32f4xx_tim.o(.text)
    TIM_ForcedOC2Config                      0x0800167d   Thumb Code    26  stm32f4xx_tim.o(.text)
    TIM_ForcedOC3Config                      0x08001697   Thumb Code    18  stm32f4xx_tim.o(.text)
    TIM_ForcedOC4Config                      0x080016a9   Thumb Code    26  stm32f4xx_tim.o(.text)
    TIM_OC1PreloadConfig                     0x080016c3   Thumb Code    18  stm32f4xx_tim.o(.text)
    TIM_OC2PreloadConfig                     0x080016d5   Thumb Code    26  stm32f4xx_tim.o(.text)
    TIM_OC3PreloadConfig                     0x080016ef   Thumb Code    18  stm32f4xx_tim.o(.text)
    TIM_OC4PreloadConfig                     0x08001701   Thumb Code    26  stm32f4xx_tim.o(.text)
    TIM_OC1FastConfig                        0x0800171b   Thumb Code    18  stm32f4xx_tim.o(.text)
    TIM_OC2FastConfig                        0x0800172d   Thumb Code    26  stm32f4xx_tim.o(.text)
    TIM_OC3FastConfig                        0x08001747   Thumb Code    18  stm32f4xx_tim.o(.text)
    TIM_OC4FastConfig                        0x08001759   Thumb Code    26  stm32f4xx_tim.o(.text)
    TIM_ClearOC1Ref                          0x08001773   Thumb Code    18  stm32f4xx_tim.o(.text)
    TIM_ClearOC2Ref                          0x08001785   Thumb Code    24  stm32f4xx_tim.o(.text)
    TIM_ClearOC3Ref                          0x0800179d   Thumb Code    18  stm32f4xx_tim.o(.text)
    TIM_ClearOC4Ref                          0x080017af   Thumb Code    24  stm32f4xx_tim.o(.text)
    TIM_OC1PolarityConfig                    0x080017c7   Thumb Code    18  stm32f4xx_tim.o(.text)
    TIM_OC1NPolarityConfig                   0x080017d9   Thumb Code    18  stm32f4xx_tim.o(.text)
    TIM_OC2PolarityConfig                    0x080017eb   Thumb Code    26  stm32f4xx_tim.o(.text)
    TIM_OC2NPolarityConfig                   0x08001805   Thumb Code    26  stm32f4xx_tim.o(.text)
    TIM_OC3PolarityConfig                    0x0800181f   Thumb Code    26  stm32f4xx_tim.o(.text)
    TIM_OC3NPolarityConfig                   0x08001839   Thumb Code    26  stm32f4xx_tim.o(.text)
    TIM_OC4PolarityConfig                    0x08001853   Thumb Code    26  stm32f4xx_tim.o(.text)
    TIM_CCxCmd                               0x0800186d   Thumb Code    30  stm32f4xx_tim.o(.text)
    TIM_CCxNCmd                              0x0800188b   Thumb Code    30  stm32f4xx_tim.o(.text)
    TIM_SetIC4Prescaler                      0x080018a9   Thumb Code    26  stm32f4xx_tim.o(.text)
    TIM_SetIC3Prescaler                      0x08001913   Thumb Code    18  stm32f4xx_tim.o(.text)
    TIM_SetIC2Prescaler                      0x0800196d   Thumb Code    26  stm32f4xx_tim.o(.text)
    TIM_SetIC1Prescaler                      0x080019e1   Thumb Code    18  stm32f4xx_tim.o(.text)
    TIM_ICInit                               0x08001a2d   Thumb Code   110  stm32f4xx_tim.o(.text)
    TIM_ICStructInit                         0x08001a9b   Thumb Code    18  stm32f4xx_tim.o(.text)
    TIM_PWMIConfig                           0x08001aad   Thumb Code   124  stm32f4xx_tim.o(.text)
    TIM_GetCapture1                          0x08001b29   Thumb Code     6  stm32f4xx_tim.o(.text)
    TIM_GetCapture2                          0x08001b2f   Thumb Code     6  stm32f4xx_tim.o(.text)
    TIM_GetCapture3                          0x08001b35   Thumb Code     6  stm32f4xx_tim.o(.text)
    TIM_GetCapture4                          0x08001b3b   Thumb Code     6  stm32f4xx_tim.o(.text)
    TIM_BDTRConfig                           0x08001b41   Thumb Code    32  stm32f4xx_tim.o(.text)
    TIM_BDTRStructInit                       0x08001b61   Thumb Code    18  stm32f4xx_tim.o(.text)
    TIM_CtrlPWMOutputs                       0x08001b73   Thumb Code    30  stm32f4xx_tim.o(.text)
    TIM_SelectCOM                            0x08001b91   Thumb Code    24  stm32f4xx_tim.o(.text)
    TIM_CCPreloadControl                     0x08001ba9   Thumb Code    24  stm32f4xx_tim.o(.text)
    TIM_ITConfig                             0x08001bc1   Thumb Code    18  stm32f4xx_tim.o(.text)
    TIM_GenerateEvent                        0x08001bd3   Thumb Code     4  stm32f4xx_tim.o(.text)
    TIM_GetFlagStatus                        0x08001bd7   Thumb Code    18  stm32f4xx_tim.o(.text)
    TIM_ClearFlag                            0x08001be9   Thumb Code     6  stm32f4xx_tim.o(.text)
    TIM_GetITStatus                          0x08001bef   Thumb Code    34  stm32f4xx_tim.o(.text)
    TIM_ClearITPendingBit                    0x08001c11   Thumb Code     6  stm32f4xx_tim.o(.text)
    TIM_DMAConfig                            0x08001c17   Thumb Code    10  stm32f4xx_tim.o(.text)
    TIM_DMACmd                               0x08001c21   Thumb Code    18  stm32f4xx_tim.o(.text)
    TIM_SelectCCDMA                          0x08001c33   Thumb Code    24  stm32f4xx_tim.o(.text)
    TIM_InternalClockConfig                  0x08001c4b   Thumb Code    12  stm32f4xx_tim.o(.text)
    TIM_SelectInputTrigger                   0x08001c57   Thumb Code    18  stm32f4xx_tim.o(.text)
    TIM_ITRxExternalClockConfig              0x08001c69   Thumb Code    24  stm32f4xx_tim.o(.text)
    TIM_TIxExternalClockConfig               0x08001c81   Thumb Code    62  stm32f4xx_tim.o(.text)
    TIM_ETRConfig                            0x08001cbf   Thumb Code    28  stm32f4xx_tim.o(.text)
    TIM_ETRClockMode1Config                  0x08001cdb   Thumb Code    54  stm32f4xx_tim.o(.text)
    TIM_ETRClockMode2Config                  0x08001d11   Thumb Code    32  stm32f4xx_tim.o(.text)
    TIM_SelectOutputTrigger                  0x08001d31   Thumb Code    18  stm32f4xx_tim.o(.text)
    TIM_SelectSlaveMode                      0x08001d43   Thumb Code    18  stm32f4xx_tim.o(.text)
    TIM_SelectMasterSlaveMode                0x08001d55   Thumb Code    18  stm32f4xx_tim.o(.text)
    TIM_EncoderInterfaceConfig               0x08001d67   Thumb Code    66  stm32f4xx_tim.o(.text)
    TIM_SelectHallSensor                     0x08001da9   Thumb Code    24  stm32f4xx_tim.o(.text)
    TIM_RemapConfig                          0x08001dc1   Thumb Code     6  stm32f4xx_tim.o(.text)
    USART_DeInit                             0x08001dc9   Thumb Code   206  stm32f4xx_usart.o(.text)
    USART_Init                               0x08001e97   Thumb Code   204  stm32f4xx_usart.o(.text)
    USART_StructInit                         0x08001f63   Thumb Code    24  stm32f4xx_usart.o(.text)
    USART_ClockInit                          0x08001f7b   Thumb Code    32  stm32f4xx_usart.o(.text)
    USART_ClockStructInit                    0x08001f9b   Thumb Code    12  stm32f4xx_usart.o(.text)
    USART_Cmd                                0x08001fa7   Thumb Code    24  stm32f4xx_usart.o(.text)
    USART_SetPrescaler                       0x08001fbf   Thumb Code    16  stm32f4xx_usart.o(.text)
    USART_OverSampling8Cmd                   0x08001fcf   Thumb Code    22  stm32f4xx_usart.o(.text)
    USART_OneBitMethodCmd                    0x08001fe5   Thumb Code    24  stm32f4xx_usart.o(.text)
    USART_SendData                           0x08001ffd   Thumb Code     8  stm32f4xx_usart.o(.text)
    USART_ReceiveData                        0x08002005   Thumb Code    10  stm32f4xx_usart.o(.text)
    USART_SetAddress                         0x0800200f   Thumb Code    18  stm32f4xx_usart.o(.text)
    USART_ReceiverWakeUpCmd                  0x08002021   Thumb Code    24  stm32f4xx_usart.o(.text)
    USART_WakeUpConfig                       0x08002039   Thumb Code    18  stm32f4xx_usart.o(.text)
    USART_LINBreakDetectLengthConfig         0x0800204b   Thumb Code    18  stm32f4xx_usart.o(.text)
    USART_LINCmd                             0x0800205d   Thumb Code    24  stm32f4xx_usart.o(.text)
    USART_SendBreak                          0x08002075   Thumb Code    10  stm32f4xx_usart.o(.text)
    USART_HalfDuplexCmd                      0x0800207f   Thumb Code    24  stm32f4xx_usart.o(.text)
    USART_SetGuardTime                       0x08002097   Thumb Code    16  stm32f4xx_usart.o(.text)
    USART_SmartCardCmd                       0x080020a7   Thumb Code    24  stm32f4xx_usart.o(.text)
    USART_SmartCardNACKCmd                   0x080020bf   Thumb Code    24  stm32f4xx_usart.o(.text)
    USART_IrDAConfig                         0x080020d7   Thumb Code    18  stm32f4xx_usart.o(.text)
    USART_IrDACmd                            0x080020e9   Thumb Code    24  stm32f4xx_usart.o(.text)
    USART_DMACmd                             0x08002101   Thumb Code    18  stm32f4xx_usart.o(.text)
    USART_ITConfig                           0x08002113   Thumb Code    74  stm32f4xx_usart.o(.text)
    USART_GetFlagStatus                      0x0800215d   Thumb Code    26  stm32f4xx_usart.o(.text)
    USART_ClearFlag                          0x08002177   Thumb Code    18  stm32f4xx_usart.o(.text)
    USART_GetITStatus                        0x08002189   Thumb Code   118  stm32f4xx_usart.o(.text)
    USART_ClearITPendingBit                  0x080021ff   Thumb Code    30  stm32f4xx_usart.o(.text)
    delay_init                               0x0800221d   Thumb Code    52  delay.o(.text)
    delay_us                                 0x08002251   Thumb Code    72  delay.o(.text)
    delay_xms                                0x08002299   Thumb Code    72  delay.o(.text)
    delay_ms                                 0x080022e1   Thumb Code    56  delay.o(.text)
    UART4_Init                               0x08002341   Thumb Code   290  usart.o(.text)
    USART2_Init                              0x08002463   Thumb Code   290  usart.o(.text)
    USART3_Init                              0x08002585   Thumb Code   318  usart.o(.text)
    USART2_IRQHandler                        0x080026c3   Thumb Code   222  usart.o(.text)
    UART4_IRQHandler                         0x080027a1   Thumb Code    42  usart.o(.text)
    USART3_SendByte                          0x080027cb   Thumb Code    28  usart.o(.text)
    USART3_SendString                        0x080027e7   Thumb Code    22  usart.o(.text)
    LED_Init                                 0x08002835   Thumb Code   152  led.o(.text)
    LED_GREEN_ON                             0x080028cd   Thumb Code    42  led.o(.text)
    LED_YELLOW_ON                            0x080028f7   Thumb Code    28  led.o(.text)
    LED_RED_ON                               0x08002913   Thumb Code    28  led.o(.text)
    TIM1_PWMA_CH1_Init                       0x08002939   Thumb Code   208  pwm.o(.text)
    TIM1_PWMB_CH3_Init                       0x08002a09   Thumb Code   208  pwm.o(.text)
    MOTOR_Init                               0x08002ae5   Thumb Code   186  motor.o(.text)
    Motor1_Set                               0x08002b9f   Thumb Code   122  motor.o(.text)
    Motor2_Set                               0x08002c19   Thumb Code   122  motor.o(.text)
    TURN_LEFT                                0x08002c93   Thumb Code    46  motor.o(.text)
    TURN_RIGHT                               0x08002cc1   Thumb Code    46  motor.o(.text)
    TURN_AROUND                              0x08002cef   Thumb Code    46  motor.o(.text)
    TURN_LEFT_BACK                           0x08002d1d   Thumb Code    46  motor.o(.text)
    TURN_RIGHT_BACK                          0x08002d4b   Thumb Code    46  motor.o(.text)
    KEY_Init                                 0x08002db1   Thumb Code    52  key.o(.text)
    TIM2_Init                                0x08002de5   Thumb Code   104  key.o(.text)
    KEY_EXTI_Init                            0x08002e4d   Thumb Code   164  key.o(.text)
    EXTI3_IRQHandler                         0x08002ef1   Thumb Code    52  key.o(.text)
    EXTI4_IRQHandler                         0x08002f25   Thumb Code    52  key.o(.text)
    EXTI9_5_IRQHandler                       0x08002f59   Thumb Code    48  key.o(.text)
    PID_Calc                                 0x08002fc5   Thumb Code   274  line_control.o(.text)
    line_trace                               0x080030d7   Thumb Code   174  line_control.o(.text)
    Record_Path                              0x08003185   Thumb Code    26  line_control.o(.text)
    task_go_trace                            0x0800319f   Thumb Code   258  line_control.o(.text)
    task_back_trace                          0x080032a1   Thumb Code   136  line_control.o(.text)
    SDA_OUT                                  0x08003395   Thumb Code    40  oled.o(.text)
    SDA_IN                                   0x080033bd   Thumb Code    28  oled.o(.text)
    OLED_W_SDA                               0x080033d9   Thumb Code    30  oled.o(.text)
    OLED_W_SCL                               0x080033f7   Thumb Code    26  oled.o(.text)
    OLED_I2C_Init                            0x08003411   Thumb Code    60  oled.o(.text)
    OLED_I2C_Start                           0x0800344d   Thumb Code    28  oled.o(.text)
    OLED_I2C_Stop                            0x08003469   Thumb Code    22  oled.o(.text)
    OLED_I2C_SendByte                        0x0800347f   Thumb Code    54  oled.o(.text)
    OLED_WriteCommand                        0x080034b5   Thumb Code    32  oled.o(.text)
    OLED_WriteData                           0x080034d5   Thumb Code    32  oled.o(.text)
    OLED_SetCursor                           0x080034f5   Thumb Code    34  oled.o(.text)
    OLED_Clear                               0x08003517   Thumb Code    42  oled.o(.text)
    OLED_ShowChar                            0x08003541   Thumb Code   110  oled.o(.text)
    OLED_ShowString                          0x080035af   Thumb Code    40  oled.o(.text)
    OLED_Pow                                 0x080035d7   Thumb Code    20  oled.o(.text)
    OLED_ShowNum                             0x080035eb   Thumb Code    68  oled.o(.text)
    OLED_ShowSignedNum                       0x0800362f   Thumb Code   102  oled.o(.text)
    OLED_ShowHexNum                          0x08003695   Thumb Code    84  oled.o(.text)
    OLED_ShowBinNum                          0x080036e9   Thumb Code    62  oled.o(.text)
    OLED_Init                                0x08003727   Thumb Code   168  oled.o(.text)
    YL62_OUT_Init                            0x080037d1   Thumb Code    52  yl_62.o(.text)
    YL62_EXTI_Init                           0x08003805   Thumb Code   124  yl_62.o(.text)
    YL62_Get_State                           0x08003881   Thumb Code    20  yl_62.o(.text)
    EXTI0_IRQHandler                         0x08003895   Thumb Code    56  yl_62.o(.text)
    vListInitialise                          0x080038f5   Thumb Code    26  list.o(.text)
    vListInitialiseItem                      0x0800390f   Thumb Code     6  list.o(.text)
    vListInsertEnd                           0x08003915   Thumb Code    24  list.o(.text)
    vListInsert                              0x0800392d   Thumb Code    52  list.o(.text)
    uxListRemove                             0x08003961   Thumb Code    40  list.o(.text)
    xQueueGenericReset                       0x08003989   Thumb Code   214  queue.o(.text)
    xQueueGenericCreate                      0x08003a89   Thumb Code   102  queue.o(.text)
    xQueueGenericSend                        0x08003c09   Thumb Code   420  queue.o(.text)
    xQueueCreateMutex                        0x08003dcb   Thumb Code    38  queue.o(.text)
    xQueueGiveMutexRecursive                 0x08003df1   Thumb Code    72  queue.o(.text)
    xQueueSemaphoreTake                      0x08003e67   Thumb Code   398  queue.o(.text)
    xQueueTakeMutexRecursive                 0x08003ff5   Thumb Code    78  queue.o(.text)
    xQueueCreateCountingSemaphore            0x08004043   Thumb Code    60  queue.o(.text)
    xQueueGenericSendFromISR                 0x0800407f   Thumb Code   298  queue.o(.text)
    xQueueGiveFromISR                        0x080041a9   Thumb Code   274  queue.o(.text)
    xQueueReceive                            0x080042e9   Thumb Code   356  queue.o(.text)
    xQueuePeek                               0x0800444d   Thumb Code   362  queue.o(.text)
    xQueueReceiveFromISR                     0x080045b7   Thumb Code   254  queue.o(.text)
    xQueuePeekFromISR                        0x080046b5   Thumb Code   176  queue.o(.text)
    uxQueueMessagesWaiting                   0x08004765   Thumb Code    46  queue.o(.text)
    uxQueueSpacesAvailable                   0x08004793   Thumb Code    48  queue.o(.text)
    uxQueueMessagesWaitingFromISR            0x080047c3   Thumb Code    34  queue.o(.text)
    vQueueUnregisterQueue                    0x080047e5   Thumb Code    68  queue.o(.text)
    vQueueDelete                             0x08004829   Thumb Code    44  queue.o(.text)
    uxQueueGetQueueNumber                    0x08004855   Thumb Code     6  queue.o(.text)
    vQueueSetQueueNumber                     0x0800485b   Thumb Code     4  queue.o(.text)
    ucQueueGetQueueType                      0x0800485f   Thumb Code     8  queue.o(.text)
    uxQueueGetQueueItemSize                  0x08004867   Thumb Code     6  queue.o(.text)
    uxQueueGetQueueLength                    0x0800486d   Thumb Code     6  queue.o(.text)
    xQueueIsQueueEmptyFromISR                0x08004873   Thumb Code    42  queue.o(.text)
    xQueueIsQueueFullFromISR                 0x0800489d   Thumb Code    46  queue.o(.text)
    vQueueAddToRegistry                      0x080048cb   Thumb Code    90  queue.o(.text)
    pcQueueGetName                           0x08004925   Thumb Code    64  queue.o(.text)
    vQueueWaitForMessageRestricted           0x08004965   Thumb Code    74  queue.o(.text)
    xTaskCreate                              0x08004bfb   Thumb Code    56  tasks.o(.text)
    vTaskDelete                              0x08004c6d   Thumb Code   234  tasks.o(.text)
    xTaskIncrementTick                       0x08004d57   Thumb Code   492  tasks.o(.text)
    xTaskResumeAll                           0x08004f43   Thumb Code   382  tasks.o(.text)
    vTaskSuspendAll                          0x0800516f   Thumb Code    12  tasks.o(.text)
    xTaskDelayUntil                          0x0800517b   Thumb Code   202  tasks.o(.text)
    vTaskDelay                               0x08005245   Thumb Code    82  tasks.o(.text)
    eTaskGetState                            0x08005297   Thumb Code   214  tasks.o(.text)
    uxTaskPriorityGet                        0x0800536d   Thumb Code    30  tasks.o(.text)
    uxTaskPriorityGetFromISR                 0x0800538b   Thumb Code    62  tasks.o(.text)
    uxTaskBasePriorityGet                    0x080053c9   Thumb Code    30  tasks.o(.text)
    uxTaskBasePriorityGetFromISR             0x080053e7   Thumb Code    62  tasks.o(.text)
    vTaskPrioritySet                         0x08005425   Thumb Code   336  tasks.o(.text)
    vTaskSwitchContext                       0x08005575   Thumb Code   126  tasks.o(.text)
    vTaskSuspend                             0x080055f3   Thumb Code   228  tasks.o(.text)
    vTaskResume                              0x08005773   Thumb Code   194  tasks.o(.text)
    xTaskResumeFromISR                       0x08005835   Thumb Code   224  tasks.o(.text)
    vTaskStartScheduler                      0x080059c7   Thumb Code   106  tasks.o(.text)
    vTaskEndScheduler                        0x08005a31   Thumb Code    66  tasks.o(.text)
    xTaskGetTickCount                        0x08005a73   Thumb Code     6  tasks.o(.text)
    xTaskGetTickCountFromISR                 0x08005a79   Thumb Code    16  tasks.o(.text)
    uxTaskGetNumberOfTasks                   0x08005a89   Thumb Code     6  tasks.o(.text)
    pcTaskGetName                            0x08005a8f   Thumb Code    44  tasks.o(.text)
    vTaskGetInfo                             0x08005acf   Thumb Code   270  tasks.o(.text)
    uxTaskGetSystemState                     0x08005c1b   Thumb Code   152  tasks.o(.text)
    xTaskCatchUpTicks                        0x08005cb3   Thumb Code    72  tasks.o(.text)
    vTaskPlaceOnEventList                    0x08005cfb   Thumb Code    52  tasks.o(.text)
    vTaskPlaceOnUnorderedEventList           0x08005d2f   Thumb Code   138  tasks.o(.text)
    vTaskPlaceOnEventListRestricted          0x08005db9   Thumb Code    98  tasks.o(.text)
    xTaskRemoveFromEventList                 0x08005e1b   Thumb Code   280  tasks.o(.text)
    vTaskRemoveFromUnorderedEventList        0x08005f33   Thumb Code   316  tasks.o(.text)
    vTaskSetTimeOutState                     0x0800606f   Thumb Code    50  tasks.o(.text)
    vTaskInternalSetTimeOutState             0x080060a1   Thumb Code    14  tasks.o(.text)
    xTaskCheckForTimeOut                     0x080060af   Thumb Code   136  tasks.o(.text)
    vTaskMissedYield                         0x08006137   Thumb Code     8  tasks.o(.text)
    uxTaskGetTaskNumber                      0x0800613f   Thumb Code    14  tasks.o(.text)
    vTaskSetTaskNumber                       0x0800614d   Thumb Code     8  tasks.o(.text)
    xTaskGetCurrentTaskHandle                0x08006155   Thumb Code     6  tasks.o(.text)
    xTaskGetCurrentTaskHandleForCore         0x0800615b   Thumb Code    26  tasks.o(.text)
    xTaskGetSchedulerState                   0x08006175   Thumb Code    24  tasks.o(.text)
    xTaskPriorityInherit                     0x0800618d   Thumb Code   230  tasks.o(.text)
    xTaskPriorityDisinherit                  0x08006273   Thumb Code   234  tasks.o(.text)
    vTaskPriorityDisinheritAfterTimeout      0x0800635d   Thumb Code   312  tasks.o(.text)
    uxTaskResetEventItemValue                0x08006495   Thumb Code    24  tasks.o(.text)
    pvTaskIncrementMutexHeldCount            0x080064ad   Thumb Code    14  tasks.o(.text)
    ulTaskGenericNotifyTake                  0x080064bb   Thumb Code   196  tasks.o(.text)
    xTaskGenericNotifyWait                   0x0800657f   Thumb Code   230  tasks.o(.text)
    xTaskGenericNotify                       0x08006665   Thumb Code   458  tasks.o(.text)
    xTaskGenericNotifyFromISR                0x0800682f   Thumb Code   554  tasks.o(.text)
    vTaskGenericNotifyGiveFromISR            0x08006a59   Thumb Code   384  tasks.o(.text)
    xTaskGenericNotifyStateClear             0x08006bd9   Thumb Code    90  tasks.o(.text)
    ulTaskGenericNotifyValueClear            0x08006c33   Thumb Code    90  tasks.o(.text)
    vTaskResetState                          0x08006c8d   Thumb Code    68  tasks.o(.text)
    xTimerCreateTimerTask                    0x0800702d   Thumb Code    66  timers.o(.text)
    xTimerCreate                             0x080070c7   Thumb Code    54  timers.o(.text)
    xTimerGenericCommandFromTask             0x080070fd   Thumb Code   194  timers.o(.text)
    xTimerGenericCommandFromISR              0x080071bf   Thumb Code   116  timers.o(.text)
    xTimerGetTimerDaemonTaskHandle           0x08007233   Thumb Code    42  timers.o(.text)
    xTimerGetPeriod                          0x0800725d   Thumb Code    32  timers.o(.text)
    vTimerSetReloadMode                      0x0800727d   Thumb Code    70  timers.o(.text)
    xTimerGetReloadMode                      0x080072c3   Thumb Code    58  timers.o(.text)
    uxTimerGetReloadMode                     0x080072fd   Thumb Code    16  timers.o(.text)
    xTimerGetExpiryTime                      0x0800730d   Thumb Code    34  timers.o(.text)
    pcTimerGetName                           0x0800732f   Thumb Code    32  timers.o(.text)
    xTimerIsTimerActive                      0x0800734f   Thumb Code    58  timers.o(.text)
    pvTimerGetTimerID                        0x08007389   Thumb Code    44  timers.o(.text)
    vTimerSetTimerID                         0x080073b5   Thumb Code    44  timers.o(.text)
    uxTimerGetTimerNumber                    0x080073e1   Thumb Code     6  timers.o(.text)
    vTimerSetTimerNumber                     0x080073e7   Thumb Code     4  timers.o(.text)
    vTimerResetState                         0x080073eb   Thumb Code    12  timers.o(.text)
    pxPortInitialiseStack                    0x0800743d   Thumb Code    38  port.o(.text)
    vPortSetupTimerInterrupt                 0x08007463   Thumb Code    36  port.o(.text)
    xPortStartScheduler                      0x08007487   Thumb Code   330  port.o(.text)
    vPortEndScheduler                        0x080075d1   Thumb Code    42  port.o(.text)
    vPortEnterCritical                       0x080075fb   Thumb Code    78  port.o(.text)
    vPortExitCritical                        0x08007649   Thumb Code    56  port.o(.text)
    SysTick_Handler                          0x08007681   Thumb Code    48  port.o(.text)
    vPortValidateInterruptPriority           0x080076b1   Thumb Code   108  port.o(.text)
    pvPortMalloc                             0x08007799   Thumb Code   474  heap_4.o(.text)
    vPortFree                                0x08007a03   Thumb Code   174  heap_4.o(.text)
    xPortGetFreeHeapSize                     0x08007ab1   Thumb Code     6  heap_4.o(.text)
    xPortGetMinimumEverFreeHeapSize          0x08007ab7   Thumb Code     6  heap_4.o(.text)
    vPortInitialiseBlocks                    0x08007abd   Thumb Code     2  heap_4.o(.text)
    pvPortCalloc                             0x08007abf   Thumb Code    54  heap_4.o(.text)
    vPortGetHeapStats                        0x08007af5   Thumb Code   138  heap_4.o(.text)
    vPortHeapResetState                      0x08007b7f   Thumb Code    24  heap_4.o(.text)
    atoi                                     0x08007bad   Thumb Code    26  atoi.o(.text)
    __aeabi_memcpy                           0x08007bc7   Thumb Code     0  rt_memcpy_v6.o(.text)
    __rt_memcpy                              0x08007bc7   Thumb Code   138  rt_memcpy_v6.o(.text)
    _memcpy_lastbytes                        0x08007c2d   Thumb Code     0  rt_memcpy_v6.o(.text)
    __aeabi_memset                           0x08007c51   Thumb Code    16  aeabi_memset.o(.text)
    __aeabi_memclr                           0x08007c61   Thumb Code     0  rt_memclr.o(.text)
    __rt_memclr                              0x08007c61   Thumb Code    68  rt_memclr.o(.text)
    _memset                                  0x08007c65   Thumb Code     0  rt_memclr.o(.text)
    __aeabi_memclr4                          0x08007ca5   Thumb Code     0  rt_memclr_w.o(.text)
    __aeabi_memclr8                          0x08007ca5   Thumb Code     0  rt_memclr_w.o(.text)
    __rt_memclr_w                            0x08007ca5   Thumb Code    78  rt_memclr_w.o(.text)
    _memset_w                                0x08007ca9   Thumb Code     0  rt_memclr_w.o(.text)
    strcmp                                   0x08007cf5   Thumb Code   128  strcmpv7m.o(.text)
    __use_two_region_memory                  0x08007d75   Thumb Code     2  heapauxi.o(.text)
    __rt_heap_escrow$2region                 0x08007d77   Thumb Code     2  heapauxi.o(.text)
    __rt_heap_expand$2region                 0x08007d79   Thumb Code     2  heapauxi.o(.text)
    __aeabi_errno_addr                       0x08007d7d   Thumb Code     8  rt_errno_addr_intlibspace.o(.text)
    __errno$intlibspace                      0x08007d7d   Thumb Code     0  rt_errno_addr_intlibspace.o(.text)
    __rt_errno_addr$intlibspace              0x08007d7d   Thumb Code     0  rt_errno_addr_intlibspace.o(.text)
    strtol                                   0x08007d85   Thumb Code   112  strtol.o(.text)
    __aeabi_memcpy4                          0x08007df5   Thumb Code     0  rt_memcpy_w.o(.text)
    __aeabi_memcpy8                          0x08007df5   Thumb Code     0  rt_memcpy_w.o(.text)
    __rt_memcpy_w                            0x08007df5   Thumb Code   100  rt_memcpy_w.o(.text)
    _memcpy_lastbytes_aligned                0x08007e3d   Thumb Code     0  rt_memcpy_w.o(.text)
    __user_libspace                          0x08007e59   Thumb Code     8  libspace.o(.text)
    __user_perproc_libspace                  0x08007e59   Thumb Code     0  libspace.o(.text)
    __user_perthread_libspace                0x08007e59   Thumb Code     0  libspace.o(.text)
    __rt_ctype_table                         0x08007e61   Thumb Code    16  rt_ctype_table.o(.text)
    _strtoul                                 0x08007e71   Thumb Code   158  _strtoul.o(.text)
    __user_setup_stackheap                   0x08007f0f   Thumb Code    74  sys_stackheap_outer.o(.text)
    __rt_locale                              0x08007f59   Thumb Code     8  rt_locale_intlibspace.o(.text)
    _chval                                   0x08007f61   Thumb Code    28  _chval.o(.text)
    exit                                     0x08007f7d   Thumb Code    18  exit.o(.text)
    _sys_exit                                0x08007f91   Thumb Code     8  sys_exit.o(.text)
    __I$use$semihosting                      0x08007f9d   Thumb Code     0  use_no_semi.o(.text)
    __use_no_semihosting_swi                 0x08007f9d   Thumb Code     2  use_no_semi.o(.text)
    __hardfp_fabs                            0x08007f9f   Thumb Code    20  fabs.o(i.__hardfp_fabs)
    __semihosting_library_function           0x08007f9f   Thumb Code     0  indicate_semi.o(.text)
    _get_lc_ctype                            0x08007fb5   Thumb Code    44  lc_ctype_c.o(locale$$code)
    __fpl_dcmp_Inf                           0x08007fe1   Thumb Code    24  dcmpi.o(x$fpl$dcmpinf)
    __aeabi_cdcmple                          0x08007ff9   Thumb Code     0  dleqf.o(x$fpl$dleqf)
    _dcmple                                  0x08007ff9   Thumb Code   120  dleqf.o(x$fpl$dleqf)
    __fpl_dcmple_InfNaN                      0x0800805b   Thumb Code     0  dleqf.o(x$fpl$dleqf)
    __fpl_dnaninf                            0x08008071   Thumb Code   156  dnaninf.o(x$fpl$dnaninf)
    __fpl_dretinf                            0x0800810d   Thumb Code    12  dretinf.o(x$fpl$dretinf)
    __aeabi_f2d                              0x08008119   Thumb Code     0  f2d.o(x$fpl$f2d)
    _f2d                                     0x08008119   Thumb Code    86  f2d.o(x$fpl$f2d)
    __fpl_fnaninf                            0x0800816f   Thumb Code   140  fnaninf.o(x$fpl$fnaninf)
    _fp_init                                 0x080081fb   Thumb Code    10  fpinit.o(x$fpl$fpinit)
    __fplib_config_fpu_vfp                   0x08008203   Thumb Code     0  fpinit.o(x$fpl$fpinit)
    __fplib_config_pureend_doubles           0x08008203   Thumb Code     0  fpinit.o(x$fpl$fpinit)
    OLED_F8x16                               0x08008204   Data        1520  oled.o(.constdata)
    __I$use$fp                               0x08008204   Number         0  usenofp.o(x$fpl$usenofp)
    Region$$Table$$Base                      0x080087f4   Number         0  anon$$obj.o(Region$$Table)
    Region$$Table$$Limit                     0x08008814   Number         0  anon$$obj.o(Region$$Table)
    __ctype                                  0x08008821   Data           0  lc_ctype_c.o(locale$$data)
    SystemCoreClock                          0x20000000   Data           4  system_stm32f4xx.o(.data)
    AHBPrescTable                            0x20000004   Data          16  system_stm32f4xx.o(.data)
    uart2_received                           0x20000028   Data           1  usart.o(.data)
    stop_flag                                0x20000029   Data           1  usart.o(.data)
    turn_flag                                0x2000002a   Data           1  usart.o(.data)
    left_flag                                0x2000002b   Data           1  usart.o(.data)
    right_flag                               0x2000002c   Data           1  usart.o(.data)
    count_begin_flag                         0x20000030   Data           1  key.o(.data)
    count                                    0x20000034   Data           4  key.o(.data)
    key_count3                               0x20000038   Data           1  key.o(.data)
    key_count4                               0x20000039   Data           1  key.o(.data)
    key_pressed1                             0x2000003a   Data           1  key.o(.data)
    key_pressed2                             0x2000003b   Data           1  key.o(.data)
    key_pressed3                             0x2000003c   Data           1  key.o(.data)
    encoder_val                              0x2000003e   Data           2  key.o(.data)
    line_error                               0x20000040   Data           2  line_control.o(.data)
    error_update                             0x20000042   Data           1  line_control.o(.data)
    base_speed                               0x20000044   Data           2  line_control.o(.data)
    back_flag                                0x20000046   Data           1  line_control.o(.data)
    path                                     0x20000047   Data           3  line_control.o(.data)
    path_len                                 0x2000004a   Data           1  line_control.o(.data)
    back_index                               0x2000004c   Data           4  line_control.o(.data)
    line_pid                                 0x20000050   Data          32  line_control.o(.data)
    YL62_flag                                0x20000074   Data           1  yl_62.o(.data)
    YL62_state                               0x20000075   Data           1  yl_62.o(.data)
    pxCurrentTCB                             0x20000078   Data           4  tasks.o(.data)
    xQueueRegistry                           0x20000104   Data          64  queue.o(.bss)
    __libspace_start                         0x20012e34   Data          96  libspace.o(.bss)
    __temporary_stack_top$libspace           0x20012e94   Data           0  libspace.o(.bss)



==============================================================================

Memory Map of the image

  Image Entry point : 0x08000189

  Load Region LR_IROM1 (Base: 0x08000000, Size: 0x00008a18, Max: 0x00100000, ABSOLUTE)

    Execution Region ER_IROM1 (Exec base: 0x08000000, Load base: 0x08000000, Size: 0x00008924, Max: 0x00100000, ABSOLUTE)

    Exec Addr    Load Addr    Size         Type   Attr      Idx    E Section Name        Object

    0x08000000   0x08000000   0x00000188   Data   RO            3    RESET               startup_stm32f40_41xxx.o
    0x08000188   0x08000188   0x00000008   Code   RO         1686  * !!!main             c_w.l(__main.o)
    0x08000190   0x08000190   0x00000034   Code   RO         1885    !!!scatter          c_w.l(__scatter.o)
    0x080001c4   0x080001c4   0x0000001a   Code   RO         1887    !!handler_copy      c_w.l(__scatter_copy.o)
    0x080001de   0x080001de   0x00000002   PAD
    0x080001e0   0x080001e0   0x0000001c   Code   RO         1889    !!handler_zi        c_w.l(__scatter_zi.o)
    0x080001fc   0x080001fc   0x00000002   Code   RO         1758    .ARM.Collect$$libinit$$00000000  c_w.l(libinit.o)
    0x080001fe   0x080001fe   0x00000004   Code   RO         1761    .ARM.Collect$$libinit$$00000001  c_w.l(libinit2.o)
    0x08000202   0x08000202   0x00000000   Code   RO         1764    .ARM.Collect$$libinit$$00000004  c_w.l(libinit2.o)
    0x08000202   0x08000202   0x00000000   Code   RO         1767    .ARM.Collect$$libinit$$0000000A  c_w.l(libinit2.o)
    0x08000202   0x08000202   0x00000000   Code   RO         1769    .ARM.Collect$$libinit$$0000000C  c_w.l(libinit2.o)
    0x08000202   0x08000202   0x00000000   Code   RO         1771    .ARM.Collect$$libinit$$0000000E  c_w.l(libinit2.o)
    0x08000202   0x08000202   0x00000006   Code   RO         1772    .ARM.Collect$$libinit$$0000000F  c_w.l(libinit2.o)
    0x08000208   0x08000208   0x00000000   Code   RO         1774    .ARM.Collect$$libinit$$00000011  c_w.l(libinit2.o)
    0x08000208   0x08000208   0x0000000c   Code   RO         1775    .ARM.Collect$$libinit$$00000012  c_w.l(libinit2.o)
    0x08000214   0x08000214   0x00000000   Code   RO         1776    .ARM.Collect$$libinit$$00000013  c_w.l(libinit2.o)
    0x08000214   0x08000214   0x00000000   Code   RO         1778    .ARM.Collect$$libinit$$00000015  c_w.l(libinit2.o)
    0x08000214   0x08000214   0x00000000   Code   RO         1780    .ARM.Collect$$libinit$$00000017  c_w.l(libinit2.o)
    0x08000214   0x08000214   0x00000000   Code   RO         1782    .ARM.Collect$$libinit$$00000019  c_w.l(libinit2.o)
    0x08000214   0x08000214   0x00000000   Code   RO         1784    .ARM.Collect$$libinit$$0000001B  c_w.l(libinit2.o)
    0x08000214   0x08000214   0x00000000   Code   RO         1786    .ARM.Collect$$libinit$$0000001D  c_w.l(libinit2.o)
    0x08000214   0x08000214   0x00000000   Code   RO         1788    .ARM.Collect$$libinit$$0000001F  c_w.l(libinit2.o)
    0x08000214   0x08000214   0x00000000   Code   RO         1790    .ARM.Collect$$libinit$$00000021  c_w.l(libinit2.o)
    0x08000214   0x08000214   0x00000000   Code   RO         1792    .ARM.Collect$$libinit$$00000023  c_w.l(libinit2.o)
    0x08000214   0x08000214   0x00000000   Code   RO         1794    .ARM.Collect$$libinit$$00000025  c_w.l(libinit2.o)
    0x08000214   0x08000214   0x00000000   Code   RO         1798    .ARM.Collect$$libinit$$0000002C  c_w.l(libinit2.o)
    0x08000214   0x08000214   0x00000000   Code   RO         1800    .ARM.Collect$$libinit$$0000002E  c_w.l(libinit2.o)
    0x08000214   0x08000214   0x00000000   Code   RO         1802    .ARM.Collect$$libinit$$00000030  c_w.l(libinit2.o)
    0x08000214   0x08000214   0x00000000   Code   RO         1804    .ARM.Collect$$libinit$$00000032  c_w.l(libinit2.o)
    0x08000214   0x08000214   0x00000002   Code   RO         1805    .ARM.Collect$$libinit$$00000033  c_w.l(libinit2.o)
    0x08000216   0x08000216   0x00000002   Code   RO         1825    .ARM.Collect$$libshutdown$$00000000  c_w.l(libshutdown.o)
    0x08000218   0x08000218   0x00000000   Code   RO         1838    .ARM.Collect$$libshutdown$$00000002  c_w.l(libshutdown2.o)
    0x08000218   0x08000218   0x00000000   Code   RO         1840    .ARM.Collect$$libshutdown$$00000004  c_w.l(libshutdown2.o)
    0x08000218   0x08000218   0x00000000   Code   RO         1843    .ARM.Collect$$libshutdown$$00000007  c_w.l(libshutdown2.o)
    0x08000218   0x08000218   0x00000000   Code   RO         1846    .ARM.Collect$$libshutdown$$0000000A  c_w.l(libshutdown2.o)
    0x08000218   0x08000218   0x00000000   Code   RO         1848    .ARM.Collect$$libshutdown$$0000000C  c_w.l(libshutdown2.o)
    0x08000218   0x08000218   0x00000000   Code   RO         1851    .ARM.Collect$$libshutdown$$0000000F  c_w.l(libshutdown2.o)
    0x08000218   0x08000218   0x00000002   Code   RO         1852    .ARM.Collect$$libshutdown$$00000010  c_w.l(libshutdown2.o)
    0x0800021a   0x0800021a   0x00000000   Code   RO         1698    .ARM.Collect$$rtentry$$00000000  c_w.l(__rtentry.o)
    0x0800021a   0x0800021a   0x00000000   Code   RO         1721    .ARM.Collect$$rtentry$$00000002  c_w.l(__rtentry2.o)
    0x0800021a   0x0800021a   0x00000006   Code   RO         1733    .ARM.Collect$$rtentry$$00000004  c_w.l(__rtentry4.o)
    0x08000220   0x08000220   0x00000000   Code   RO         1723    .ARM.Collect$$rtentry$$00000009  c_w.l(__rtentry2.o)
    0x08000220   0x08000220   0x00000004   Code   RO         1724    .ARM.Collect$$rtentry$$0000000A  c_w.l(__rtentry2.o)
    0x08000224   0x08000224   0x00000000   Code   RO         1726    .ARM.Collect$$rtentry$$0000000C  c_w.l(__rtentry2.o)
    0x08000224   0x08000224   0x00000008   Code   RO         1727    .ARM.Collect$$rtentry$$0000000D  c_w.l(__rtentry2.o)
    0x0800022c   0x0800022c   0x00000002   Code   RO         1759    .ARM.Collect$$rtexit$$00000000  c_w.l(rtexit.o)
    0x0800022e   0x0800022e   0x00000000   Code   RO         1807    .ARM.Collect$$rtexit$$00000002  c_w.l(rtexit2.o)
    0x0800022e   0x0800022e   0x00000004   Code   RO         1808    .ARM.Collect$$rtexit$$00000003  c_w.l(rtexit2.o)
    0x08000232   0x08000232   0x00000006   Code   RO         1809    .ARM.Collect$$rtexit$$00000004  c_w.l(rtexit2.o)
    0x08000238   0x08000238   0x000000be   Code   RO         1623    .emb_text           port.o
    0x080002f6   0x080002f6   0x00000002   PAD
    0x080002f8   0x080002f8   0x00000040   Code   RO            4    .text               startup_stm32f40_41xxx.o
    0x08000338   0x08000338   0x000001f8   Code   RO           12    .text               main.o
    0x08000530   0x08000530   0x00000014   Code   RO          205    .text               stm32f4xx_it.o
    0x08000544   0x08000544   0x00000210   Code   RO          329    .text               system_stm32f4xx.o
    0x08000754   0x08000754   0x000000e0   Code   RO          355    .text               misc.o
    0x08000834   0x08000834   0x00000294   Code   RO          730    .text               stm32f4xx_gpio.o
    0x08000ac8   0x08000ac8   0x0000065c   Code   RO          893    .text               stm32f4xx_rcc.o
    0x08001124   0x08001124   0x00000ca2   Code   RO         1038    .text               stm32f4xx_tim.o
    0x08001dc6   0x08001dc6   0x00000002   PAD
    0x08001dc8   0x08001dc8   0x00000454   Code   RO         1058    .text               stm32f4xx_usart.o
    0x0800221c   0x0800221c   0x00000104   Code   RO         1098    .text               delay.o
    0x08002320   0x08002320   0x00000514   Code   RO         1144    .text               usart.o
    0x08002834   0x08002834   0x00000104   Code   RO         1221    .text               led.o
    0x08002938   0x08002938   0x000001ac   Code   RO         1250    .text               pwm.o
    0x08002ae4   0x08002ae4   0x000002ac   Code   RO         1270    .text               motor.o
    0x08002d90   0x08002d90   0x00000234   Code   RO         1328    .text               key.o
    0x08002fc4   0x08002fc4   0x000003d0   Code   RO         1365    .text               line_control.o
    0x08003394   0x08003394   0x0000043a   Code   RO         1395    .text               oled.o
    0x080037ce   0x080037ce   0x00000002   PAD
    0x080037d0   0x080037d0   0x00000124   Code   RO         1424    .text               yl_62.o
    0x080038f4   0x080038f4   0x00000094   Code   RO         1505    .text               list.o
    0x08003988   0x08003988   0x0000102c   Code   RO         1520    .text               queue.o
    0x080049b4   0x080049b4   0x00002354   Code   RO         1568    .text               tasks.o
    0x08006d08   0x08006d08   0x000006f8   Code   RO         1590    .text               timers.o
    0x08007400   0x08007400   0x00000340   Code   RO         1624    .text               port.o
    0x08007740   0x08007740   0x0000046c   Code   RO         1653    .text               heap_4.o
    0x08007bac   0x08007bac   0x0000001a   Code   RO         1670    .text               c_w.l(atoi.o)
    0x08007bc6   0x08007bc6   0x0000008a   Code   RO         1672    .text               c_w.l(rt_memcpy_v6.o)
    0x08007c50   0x08007c50   0x00000010   Code   RO         1676    .text               c_w.l(aeabi_memset.o)
    0x08007c60   0x08007c60   0x00000044   Code   RO         1678    .text               c_w.l(rt_memclr.o)
    0x08007ca4   0x08007ca4   0x0000004e   Code   RO         1680    .text               c_w.l(rt_memclr_w.o)
    0x08007cf2   0x08007cf2   0x00000002   PAD
    0x08007cf4   0x08007cf4   0x00000080   Code   RO         1682    .text               c_w.l(strcmpv7m.o)
    0x08007d74   0x08007d74   0x00000006   Code   RO         1684    .text               c_w.l(heapauxi.o)
    0x08007d7a   0x08007d7a   0x00000002   PAD
    0x08007d7c   0x08007d7c   0x00000008   Code   RO         1702    .text               c_w.l(rt_errno_addr_intlibspace.o)
    0x08007d84   0x08007d84   0x00000070   Code   RO         1704    .text               c_w.l(strtol.o)
    0x08007df4   0x08007df4   0x00000064   Code   RO         1706    .text               c_w.l(rt_memcpy_w.o)
    0x08007e58   0x08007e58   0x00000008   Code   RO         1717    .text               c_w.l(libspace.o)
    0x08007e60   0x08007e60   0x00000010   Code   RO         1735    .text               c_w.l(rt_ctype_table.o)
    0x08007e70   0x08007e70   0x0000009e   Code   RO         1737    .text               c_w.l(_strtoul.o)
    0x08007f0e   0x08007f0e   0x0000004a   Code   RO         1739    .text               c_w.l(sys_stackheap_outer.o)
    0x08007f58   0x08007f58   0x00000008   Code   RO         1744    .text               c_w.l(rt_locale_intlibspace.o)
    0x08007f60   0x08007f60   0x0000001c   Code   RO         1746    .text               c_w.l(_chval.o)
    0x08007f7c   0x08007f7c   0x00000012   Code   RO         1751    .text               c_w.l(exit.o)
    0x08007f8e   0x08007f8e   0x00000002   PAD
    0x08007f90   0x08007f90   0x0000000c   Code   RO         1817    .text               c_w.l(sys_exit.o)
    0x08007f9c   0x08007f9c   0x00000002   Code   RO         1828    .text               c_w.l(use_no_semi.o)
    0x08007f9e   0x08007f9e   0x00000000   Code   RO         1830    .text               c_w.l(indicate_semi.o)
    0x08007f9e   0x08007f9e   0x00000014   Code   RO         1692    i.__hardfp_fabs     m_wm.l(fabs.o)
    0x08007fb2   0x08007fb2   0x00000002   PAD
    0x08007fb4   0x08007fb4   0x0000002c   Code   RO         1749    locale$$code        c_w.l(lc_ctype_c.o)
    0x08007fe0   0x08007fe0   0x00000018   Code   RO         1708    x$fpl$dcmpinf       fz_wm.l(dcmpi.o)
    0x08007ff8   0x08007ff8   0x00000078   Code   RO         1688    x$fpl$dleqf         fz_wm.l(dleqf.o)
    0x08008070   0x08008070   0x0000009c   Code   RO         1710    x$fpl$dnaninf       fz_wm.l(dnaninf.o)
    0x0800810c   0x0800810c   0x0000000c   Code   RO         1712    x$fpl$dretinf       fz_wm.l(dretinf.o)
    0x08008118   0x08008118   0x00000056   Code   RO         1690    x$fpl$f2d           fz_wm.l(f2d.o)
    0x0800816e   0x0800816e   0x0000008c   Code   RO         1714    x$fpl$fnaninf       fz_wm.l(fnaninf.o)
    0x080081fa   0x080081fa   0x0000000a   Code   RO         1815    x$fpl$fpinit        fz_wm.l(fpinit.o)
    0x08008204   0x08008204   0x00000000   Code   RO         1716    x$fpl$usenofp       fz_wm.l(usenofp.o)
    0x08008204   0x08008204   0x000005f0   Data   RO         1396    .constdata          oled.o
    0x080087f4   0x080087f4   0x00000020   Data   RO         1883    Region$$Table       anon$$obj.o
    0x08008814   0x08008814   0x00000110   Data   RO         1748    locale$$data        c_w.l(lc_ctype_c.o)


    Execution Region RW_IRAM1 (Exec base: 0x20000000, Load base: 0x08008924, Size: 0x00013498, Max: 0x00020000, ABSOLUTE)

    Exec Addr    Load Addr    Size         Type   Attr      Idx    E Section Name        Object

    0x20000000   0x08008924   0x00000014   Data   RW          330    .data               system_stm32f4xx.o
    0x20000014   0x08008938   0x00000010   Data   RW          894    .data               stm32f4xx_rcc.o
    0x20000024   0x08008948   0x00000004   Data   RW         1099    .data               delay.o
    0x20000028   0x0800894c   0x00000006   Data   RW         1146    .data               usart.o
    0x2000002e   0x08008952   0x00000002   PAD
    0x20000030   0x08008954   0x00000010   Data   RW         1329    .data               key.o
    0x20000040   0x08008964   0x00000034   Data   RW         1366    .data               line_control.o
    0x20000074   0x08008998   0x00000002   Data   RW         1425    .data               yl_62.o
    0x20000076   0x0800899a   0x00000002   PAD
    0x20000078   0x0800899c   0x00000040   Data   RW         1570    .data               tasks.o
    0x200000b8   0x080089dc   0x00000014   Data   RW         1592    .data               timers.o
    0x200000cc   0x080089f0   0x0000000c   Data   RW         1625    .data               port.o
    0x200000d8   0x080089fc   0x0000001c   Data   RW         1655    .data               heap_4.o
    0x200000f4        -       0x00000010   Zero   RW         1145    .bss                usart.o
    0x20000104        -       0x00000040   Zero   RW         1521    .bss                queue.o
    0x20000144        -       0x000000c8   Zero   RW         1569    .bss                tasks.o
    0x2000020c        -       0x00000028   Zero   RW         1591    .bss                timers.o
    0x20000234        -       0x00012c00   Zero   RW         1654    .bss                heap_4.o
    0x20012e34        -       0x00000060   Zero   RW         1718    .bss                c_w.l(libspace.o)
    0x20012e94   0x08008a18   0x00000004   PAD
    0x20012e98        -       0x00000200   Zero   RW            2    HEAP                startup_stm32f40_41xxx.o
    0x20013098        -       0x00000400   Zero   RW            1    STACK               startup_stm32f40_41xxx.o


==============================================================================

Image component sizes


      Code (inc. data)   RO Data    RW Data    ZI Data      Debug   Object Name

       260          8          0          4          0       1657   delay.o
         0          0          0          0          0      14308   event_groups.o
      1132         54          0         28      76800       6411   heap_4.o
       564         38          0         16          0       3034   key.o
       260         10          0          0          0        981   led.o
       976        108          0         52          0       3661   line_control.o
       148          0          0          0          0       2202   list.o
       504        142          0          0          0     232913   main.o
       224         20          0          0          0     231313   misc.o
       684         24          0          0          0       3195   motor.o
      1082         10       1520          0          0       5981   oled.o
      1022         52          0         12          0       9583   port.o
       428         12          0          0          0        884   pwm.o
      4140         18          0          0         64      23378   queue.o
        64         26        392          0       1536        932   startup_stm32f40_41xxx.o
       660         44          0          0          0       4337   stm32f4xx_gpio.o
        20          0          0          0          0      49255   stm32f4xx_it.o
      1628         52          0         16          0      13296   stm32f4xx_rcc.o
      3234         60          0          0          0      23192   stm32f4xx_tim.o
      1108         34          0          0          0       8060   stm32f4xx_usart.o
       528         46          0         20          0       2043   system_stm32f4xx.o
      9044        428          0         64        200      41819   tasks.o
      1784         72          0         20         40      29832   timers.o
      1300        106          0          6         16      39067   usart.o
       292         40          0          2          0      28689   yl_62.o

    ----------------------------------------------------------------------
     31092       1404       1944        244      78656     780023   Object Totals
         0          0         32          0          0          0   (incl. Generated)
         6          0          0          4          0          0   (incl. Padding)

    ----------------------------------------------------------------------

      Code (inc. data)   RO Data    RW Data    ZI Data      Debug   Library Member Name

         8          0          0          0          0         68   __main.o
         0          0          0          0          0          0   __rtentry.o
        12          0          0          0          0          0   __rtentry2.o
         6          0          0          0          0          0   __rtentry4.o
        52          8          0          0          0          0   __scatter.o
        26          0          0          0          0          0   __scatter_copy.o
        28          0          0          0          0          0   __scatter_zi.o
        28          0          0          0          0         68   _chval.o
       158          0          0          0          0         92   _strtoul.o
        16          0          0          0          0         68   aeabi_memset.o
        26          0          0          0          0         80   atoi.o
        18          0          0          0          0         80   exit.o
         6          0          0          0          0        152   heapauxi.o
         0          0          0          0          0          0   indicate_semi.o
        44         10        272          0          0         76   lc_ctype_c.o
         2          0          0          0          0          0   libinit.o
        24          0          0          0          0          0   libinit2.o
         2          0          0          0          0          0   libshutdown.o
         2          0          0          0          0          0   libshutdown2.o
         8          4          0          0         96         68   libspace.o
        16          4          0          0          0         76   rt_ctype_table.o
         8          4          0          0          0         68   rt_errno_addr_intlibspace.o
         8          4          0          0          0         68   rt_locale_intlibspace.o
        68          0          0          0          0         68   rt_memclr.o
        78          0          0          0          0         80   rt_memclr_w.o
       138          0          0          0          0         68   rt_memcpy_v6.o
       100          0          0          0          0         80   rt_memcpy_w.o
         2          0          0          0          0          0   rtexit.o
        10          0          0          0          0          0   rtexit2.o
       128          0          0          0          0         68   strcmpv7m.o
       112          0          0          0          0         88   strtol.o
        12          4          0          0          0         68   sys_exit.o
        74          0          0          0          0         80   sys_stackheap_outer.o
         2          0          0          0          0         68   use_no_semi.o
        24          0          0          0          0        116   dcmpi.o
       120          4          0          0          0        140   dleqf.o
       156          4          0          0          0        140   dnaninf.o
        12          0          0          0          0        116   dretinf.o
        86          4          0          0          0        132   f2d.o
       140          4          0          0          0        132   fnaninf.o
        10          0          0          0          0        116   fpinit.o
         0          0          0          0          0          0   usenofp.o
        20          0          0          0          0        124   fabs.o

    ----------------------------------------------------------------------
      1800         54        272          0        100       2648   Library Totals
        10          0          0          0          4          0   (incl. Padding)

    ----------------------------------------------------------------------

      Code (inc. data)   RO Data    RW Data    ZI Data      Debug   Library Name

      1222         38        272          0         96       1632   c_w.l
       548         16          0          0          0        892   fz_wm.l
        20          0          0          0          0        124   m_wm.l

    ----------------------------------------------------------------------
      1800         54        272          0        100       2648   Library Totals

    ----------------------------------------------------------------------

==============================================================================


      Code (inc. data)   RO Data    RW Data    ZI Data      Debug   

     32892       1458       2216        244      78756     775587   Grand Totals
     32892       1458       2216        244      78756     775587   ELF Image Totals
     32892       1458       2216        244          0          0   ROM Totals

==============================================================================

    Total RO  Size (Code + RO Data)                35108 (  34.29kB)
    Total RW  Size (RW Data + ZI Data)             79000 (  77.15kB)
    Total ROM Size (Code + RO Data + RW Data)      35352 (  34.52kB)

==============================================================================

